Microchip MPLAB XC8 Compiler V2.31

Linker command line:

-W-3 --edf=C:\Program Files\Microchip\xc8\v2.31\pic\dat\en_msgs.txt -cn \
  -h+dist/default/production\master.X.production.sym \
  --cmf=dist/default/production\master.X.production.cmf -z -w9 \
  --disl=596:off --norlf -Q16F887 \
  -oC:\Users\SAGASTUME\AppData\Local\Temp\sg7s.2 --defsym=__MPLAB_BUILD=1 \
  -Mdist/default/production/master.X.production.map -E1 -ver=XC8 Compiler \
  --acfsm=1493 -ACODE=00h-07FFhx4 -ASTRCODE=00h-01FFFh -ASTRING=00h-0FFhx32 \
  -ACONST=00h-0FFhx32 -AENTRY=00h-0FFhx32 -ACOMMON=070h-07Fh \
  -ABANK0=020h-06Fh -ABANK1=0A0h-0EFh -ABANK2=0110h-016Fh \
  -ABANK3=0190h-01EFh -ARAM=020h-06Fh,0A0h-0EFh,0110h-016Fh,0190h-01EFh \
  -AABS1=020h-07Fh,0A0h-0EFh,0110h-016Fh,0190h-01EFh -ASFR0=00h-01Fh \
  -ASFR1=080h-09Fh -ASFR2=0100h-010Fh -ASFR3=0180h-018Fh \
  -ACONFIG=02007h-02008h -DCONFIG=2 -AIDLOC=02000h-02003h -DIDLOC=2 \
  -AEEDATA=00h-0FFh/02100h -peeprom_data=EEDATA -DEEDATA=2 -DCODE=2 \
  -DSTRCODE=2 -DSTRING=2 -DCONST=2 -DENTRY=2 \
  -preset_vec=00h,intentry,init,end_init -ppowerup=CODE -pcinit=CODE \
  -pfunctab=ENTRY -k C:\Users\SAGASTUME\AppData\Local\Temp\sg7s.o \
  dist/default/production\master.X.production.o 

Object code version is 3.11

Machine type is 16F887



                Name                               Link     Load   Length Selector   Space Scale
C:\Users\SAGASTUME\AppData\Local\Temp\sg7s.o
                end_init                              8        8        4        0       0
                config                             2007     2007        2        0       4
dist/default/production\master.X.production.o
                cinit                               7DC      7DC       24      FB8       0
                intentry                              0        0        8        0       0
                text1_split_1                       15A      15A      682      2B4       0
                config                             2007     2007        2        0       4
                text39                             184B     184B       1E     3096       0
                text38                                0        0       11        0       0
                text37                               11       11        6        0       0
                text36                             1816     1816       1A     302C       0
                text35                               17       17        D        0       0
                text34                             19AB     19AB       47     3356       0
                text33                             1869     1869       26     30D2       0
                text32                             1830     1830       1B     3060       0
                text31                             191F     191F       46     323E       0
                text30                             188F     188F       29     311E       0
                text29                              93C      93C      361     1278       0
                text28                             1CAB     1CAB       BC     3956       0
                text27                             1B43     1B43       5C     3686       0
                text26                             1005     1005       5C     200A       0
                text25                               24       24        B        0       0
                text24                               2F       2F       16        0       0
                text23                             1800     1800       16     29EC       0
                text22                               45       45        7        0       0
                text21                               4C       4C        9        0       0
                text20                               55       55        6        0       0
                text19                             19F2     19F2       50     33E4       0
                text18                             1C07     1C07       A4     380E       0
                text17                               D3       D3        B      1A6       0
                text16                             126E     126E      288     24DC       0
                text15                             1A42     1A42       50     3484       0
                text14                               DE       DE       7C      1BC       0
                text13                             1B9F     1B9F       68     373E       0
                text12                             1A92     1A92       56     3524       0
                text11                             18B8     18B8       2B     3170       0
                text10                              87E      87E       BE     10FC       0
                text9                              1D67     1D67       BD     3ACE       0
                text8                              1965     1965       46     32CA       0
                text7                              18E3     18E3       3C     31C6       0
                text6                              1061     1061      20D     20C2       0
                text5                               803      803       12     1006       0
                text4                               815      815       69     102A       0
                text3                              1AE8     1AE8       5B     35D0       0
                text2                               C9D      C9D      363     193A       0
                text1                              14F6     14F6      30A     29EC       0
                maintext                           1E24     1E24      1DC     3C48       0
                cstackBANK0                          20       20       4D       20       1
                cstackCOMMON                         70       70        8       70       1
                cstackBANK1                          A0       A0       30       A0       1
                clrtext                              5B       5B        8        0       0
                bssBANK3                            190      190       32      190       1
                bssBANK1                             D0       D0       16       A0       1
                bssBANK0                             6D       6D        1       20       1
                dataCOMMON                           78       78        2       70       1
                bssCOMMON                            7A       7A        1       70       1
                strings                               C        C       C6       18       0
                idataCOMMON                         801      801        2     1002       0

TOTAL           Name                               Link     Load   Length     Space
        CLASS   CODE           
                end_init                              8        8        4         0
                cinit                               7DC      7DC       24         0
                intentry                              0        0        8         0
                text1_split_1                       15A      15A      682         0
                text39                             184B     184B       1E         0
                text38                                0        0       11         0
                text37                               11       11        6         0
                text36                             1816     1816       1A         0
                text35                               17       17        D         0
                text34                             19AB     19AB       47         0
                text33                             1869     1869       26         0
                text32                             1830     1830       1B         0
                text31                             191F     191F       46         0
                text30                             188F     188F       29         0
                text29                              93C      93C      361         0
                text28                             1CAB     1CAB       BC         0
                text27                             1B43     1B43       5C         0
                text26                             1005     1005       5C         0
                text25                               24       24        B         0
                text24                               2F       2F       16         0
                text23                             1800     1800       16         0
                text22                               45       45        7         0
                text21                               4C       4C        9         0
                text20                               55       55        6         0
                text19                             19F2     19F2       50         0
                text18                             1C07     1C07       A4         0
                text17                               D3       D3        B         0
                text16                             126E     126E      288         0
                text15                             1A42     1A42       50         0
                text14                               DE       DE       7C         0
                text13                             1B9F     1B9F       68         0
                text12                             1A92     1A92       56         0
                text11                             18B8     18B8       2B         0
                text10                              87E      87E       BE         0
                text9                              1D67     1D67       BD         0
                text8                              1965     1965       46         0
                text7                              18E3     18E3       3C         0
                text6                              1061     1061      20D         0
                text5                               803      803       12         0
                text4                               815      815       69         0
                text3                              1AE8     1AE8       5B         0
                text2                               C9D      C9D      363         0
                text1                              14F6     14F6      30A         0
                maintext                           1E24     1E24      1DC         0
                clrtext                              5B       5B        8         0
                idataCOMMON                         801      801        2         0

        CLASS   STRCODE        

        CLASS   STRING         
                strings                               C        C       C6         0

        CLASS   CONST          

        CLASS   ENTRY          

        CLASS   COMMON         
                cstackCOMMON                         70       70        8         1
                dataCOMMON                           78       78        2         1
                bssCOMMON                            7A       7A        1         1

        CLASS   BANK0          
                cstackBANK0                          20       20       4D         1
                bssBANK0                             6D       6D        1         1

        CLASS   BANK1          
                cstackBANK1                          A0       A0       30         1
                bssBANK1                             D0       D0       16         1

        CLASS   BANK2          

        CLASS   BANK3          
                bssBANK3                            190      190       32         1

        CLASS   RAM            

        CLASS   ABS1           
                abs_s1                               7E       7E        2         1

        CLASS   SFR0           

        CLASS   SFR1           

        CLASS   SFR2           

        CLASS   SFR3           

        CLASS   CONFIG         
                config                             2007     2007        2         4

        CLASS   IDLOC          

        CLASS   EEDATA         

        CLASS   STACK          



SEGMENTS        Name                           Load    Length   Top    Selector   Space  Class     Delta

                reset_vec                      000000  00000C  00000C         0       0  CODE        2
                strings                        00000C  0000C6  0000D2        18       0  STRING      2
                cstackBANK0                    000020  00004E  00006E        20       1  BANK0       1
                cstackCOMMON                   000070  00000B  00007B        70       1  COMMON      1
                cstackBANK1                    0000A0  000046  0000E6        A0       1  BANK1       1
                bssBANK3                       000190  000032  0001C2       190       1  BANK3       1
                text17                         0000D3  00000B  0000DE       1A6       0  CODE        2
                text14                         0000DE  00007C  00015A       1BC       0  CODE        2
                text1_split_1                  00015A  000682  0007DC       2B4       0  CODE        2
                cinit                          0007DC  000024  000800       FB8       0  CODE        2
                idataCOMMON                    000801  000002  000803      1002       0  CODE        2
                text5                          000803  000012  000815      1006       0  CODE        2
                text4                          000815  000069  00087E      102A       0  CODE        2
                text10                         00087E  0000BE  00093C      10FC       0  CODE        2
                text29                         00093C  000361  000C9D      1278       0  CODE        2
                text2                          000C9D  000363  001000      193A       0  CODE        2
                text26                         001005  00005C  001061      200A       0  CODE        2
                text6                          001061  00020D  00126E      20C2       0  CODE        2
                text16                         00126E  000288  0014F6      24DC       0  CODE        2
                text1                          0014F6  000320  001816      29EC       0  CODE        2
                text36                         001816  00001A  001830      302C       0  CODE        2
                text32                         001830  00001B  00184B      3060       0  CODE        2
                text39                         00184B  00001E  001869      3096       0  CODE        2
                text33                         001869  000026  00188F      30D2       0  CODE        2
                text30                         00188F  000029  0018B8      311E       0  CODE        2
                text11                         0018B8  00002B  0018E3      3170       0  CODE        2
                text7                          0018E3  00003C  00191F      31C6       0  CODE        2
                text31                         00191F  000046  001965      323E       0  CODE        2
                text8                          001965  000046  0019AB      32CA       0  CODE        2
                text34                         0019AB  000047  0019F2      3356       0  CODE        2
                text19                         0019F2  000050  001A42      33E4       0  CODE        2
                text15                         001A42  000050  001A92      3484       0  CODE        2
                text12                         001A92  000056  001AE8      3524       0  CODE        2
                text3                          001AE8  00005B  001B43      35D0       0  CODE        2
                text27                         001B43  00005C  001B9F      3686       0  CODE        2
                text13                         001B9F  000068  001C07      373E       0  CODE        2
                text18                         001C07  0000A4  001CAB      380E       0  CODE        2
                text28                         001CAB  0000BC  001D67      3956       0  CODE        2
                text9                          001D67  0000BD  001E24      3ACE       0  CODE        2
                maintext                       001E24  0001DC  002000      3C48       0  CODE        2


UNUSED ADDRESS RANGES

        Name                Unused          Largest block    Delta
        BANK0            0006E-0006F               2           1
        BANK1            000E6-000EF               A           1
        BANK2            00110-0016F              60           1
        BANK3            001C2-001EF              2E           1
        CODE             000D2-000D2               1           2
                         00800-00800               1
                         01000-01004               5
        COMMON           0007B-0007D               3           1
        CONST            000D2-000D2               1           2
                         00800-00800               1
                         01000-01004               5
        EEDATA           02100-021FF             100           2
        ENTRY            000D2-000D2               1           2
                         00800-00800               1
                         01000-01004               5
        IDLOC            02000-02003               4           2
        RAM              0006E-0006F               2           1
                         000E6-000EF               A
                         00110-0016F              60
                         001C2-001EF              2E
        SFR0             00000-0001F              20           1
        SFR1             00080-0009F              20           1
        SFR2             00100-0010F              10           1
        SFR3             00180-0018F              10           1
        STRCODE          000D2-000D2               1           2
                         00800-00800               1
                         01000-01004               5
        STRING           000D2-000D2               1           2
                         00800-00800               1
                         01000-01004               5

                                  Symbol Table

_Config_USARTT             text38       00000
__Habs1                    abs1         00000
__Hbank0                   bank0        00000
__Hbank1                   bank1        00000
__Hbank2                   bank2        00000
__Hbank3                   bank3        00000
__Hclrtext                 clrtext      00000
__Hcode                    code         00000
__Hcommon                  common       00000
__Heeprom_data             eeprom_data  00000
__Hfunctab                 functab      00000
__Hmaintext                maintext     00000
__Hpowerup                 powerup      00000
__Hram                     ram          00000
__Hreset_vec               reset_vec    00000
__Hsfr0                    sfr0         00000
__Hsfr1                    sfr1         00000
__Hsfr2                    sfr2         00000
__Hsfr3                    sfr3         00000
__Hspace_2                 (abs)        00000
__Hspace_3                 (abs)        00000
__Hstack                   stack        00000
__Hstrings                 strings      00000
__Htext                    text         00000
__Labs1                    abs1         00000
__Lbank0                   bank0        00000
__Lbank1                   bank1        00000
__Lbank2                   bank2        00000
__Lbank3                   bank3        00000
__Lclrtext                 clrtext      00000
__Lcode                    code         00000
__Lcommon                  common       00000
__Lconfig                  config       00000
__Leeprom_data             eeprom_data  00000
__Lfunctab                 functab      00000
__Lintentry                intentry     00000
__Lmaintext                maintext     00000
__Lpowerup                 powerup      00000
__Lram                     ram          00000
__Lreset_vec               reset_vec    00000
__Lsfr0                    sfr0         00000
__Lsfr1                    sfr1         00000
__Lsfr2                    sfr2         00000
__Lsfr3                    sfr3         00000
__Lspace_0                 (abs)        00000
__Lspace_1                 (abs)        00000
__Lspace_2                 (abs)        00000
__Lspace_3                 (abs)        00000
__Lspace_4                 (abs)        00000
__Lstack                   stack        00000
__Lstrings                 strings      00000
__Ltext                    text         00000
__S3                       (abs)        00000
___int_sp                  stack        00000
___sp                      stack        00000
___stackhi                 (abs)        00000
___stacklo                 (abs)        00000
__pintentry                intentry     00000
__ptext38                  text38       00000
__size_of_Config_USARTT    (abs)        00000
__size_of_ISR              (abs)        00000
__size_of_Lcd_Clear        (abs)        00000
__size_of_Lcd_Cmd          (abs)        00000
__size_of_Lcd_Init         (abs)        00000
__size_of_Lcd_Port         (abs)        00000
__size_of_Lcd_Set_Cursor   (abs)        00000
__size_of_Lcd_Write_Char   (abs)        00000
__size_of_Lcd_Write_String (abs)        00000
__size_of__Umul8_16        (abs)        00000
__size_of___awdiv          (abs)        00000
__size_of___awmod          (abs)        00000
__size_of___fladd          (abs)        00000
__size_of___fleq           (abs)        00000
__size_of___flge           (abs)        00000
__size_of___flmul          (abs)        00000
__size_of___flneg          (abs)        00000
__size_of___flsub          (abs)        00000
__size_of___fltol          (abs)        00000
__size_of___lldiv          (abs)        00000
__size_of___llmod          (abs)        00000
__size_of___lwdiv          (abs)        00000
__size_of___lwmod          (abs)        00000
__size_of___wmul           (abs)        00000
__size_of___xxtofl         (abs)        00000
__size_of__div_to_l_       (abs)        00000
__size_of__tdiv_to_l_      (abs)        00000
__size_of_conversor        (abs)        00000
__size_of_conversor2       (abs)        00000
__size_of_fround           (abs)        00000
__size_of_isdigit          (abs)        00000
__size_of_main             (abs)        00000
__size_of_recibir          (abs)        00000
__size_of_scale            (abs)        00000
__size_of_setup            (abs)        00000
__size_of_spiInit          (abs)        00000
__size_of_spiRead          (abs)        00000
__size_of_spiReceiveWait   (abs)        00000
__size_of_spiWrite         (abs)        00000
__size_of_sprintf          (abs)        00000
interrupt_function         intentry     00000
intlevel0                  functab      00000
intlevel1                  functab      00000
intlevel2                  functab      00000
intlevel3                  functab      00000
intlevel4                  functab      00000
intlevel5                  functab      00000
reset_vec                  reset_vec    00000
___latbits                 (abs)        00002
_PORTB                     (abs)        00006
_PORTCbits                 (abs)        00007
_PORTD                     (abs)        00008
_PORTE                     (abs)        00009
_PORTEbits                 (abs)        00009
_INTCONbits                (abs)        0000B
_PIR1bits                  (abs)        0000C
pnum$text1                 (abs)        0000F
__Hinit                    init         00008
__Hintentry                intentry     00008
__Lend_init                end_init     00008
__Linit                    init         00008
start                      init         00008
_SSPBUF                    (abs)        00013
_SSPCON                    (abs)        00014
_RCSTAbits                 (abs)        00018
__Hend_init                end_init     0000C
__pstrings                 strings      0000C
__stringtab                strings      0000C
_TXREG                     (abs)        00019
_RCREG                     (abs)        0001A
?___lldiv                  cstackBANK0  00020
?__div_to_l_               cstackBANK0  00020
?__tdiv_to_l_              cstackBANK0  00020
__Umul8_16@product         cstackBANK0  00020
___awmod@counter           cstackBANK0  00020
___fleq@ff1                cstackBANK0  00020
___flge@ff1                cstackBANK0  00020
___lldiv@divisor           cstackBANK0  00020
___lwmod@counter           cstackBANK0  00020
___wmul@product            cstackBANK0  00020
__div_to_l_@f1             cstackBANK0  00020
__pcstackBANK0             cstackBANK0  00020
__tdiv_to_l_@f1            cstackBANK0  00020
?___lwdiv                  cstackBANK0  00021
Lcd_Set_Cursor@a           cstackBANK0  00021
___awmod@sign              cstackBANK0  00021
___lwdiv@divisor           cstackBANK0  00021
?___awdiv                  cstackBANK0  00022
Lcd_Set_Cursor@temp        cstackBANK0  00022
_Lcd_Port                  text37       00011
__Umul8_16@word_mpld       cstackBANK0  00022
___awdiv@divisor           cstackBANK0  00022
__end_of_Config_USARTT     text38       00011
__ptext37                  text37       00011
Lcd_Write_String@i         cstackBANK0  00023
___lwdiv@dividend          cstackBANK0  00023
__Umul8_16@multiplier      cstackBANK0  00024
___awdiv@dividend          cstackBANK0  00024
___fleq@ff2                cstackBANK0  00024
___flge@ff2                cstackBANK0  00024
___lldiv@dividend          cstackBANK0  00024
___xxtofl@sign             cstackBANK0  00024
__div_to_l_@f2             cstackBANK0  00024
__tdiv_to_l_@f2            cstackBANK0  00024
___xxtofl@exp              cstackBANK0  00025
___lwdiv@counter           cstackBANK0  00026
___xxtofl@arg              cstackBANK0  00026
___awdiv@counter           cstackBANK0  00027
___lwdiv@quotient          cstackBANK0  00027
___awdiv@sign              cstackBANK0  00028
___lldiv@quotient          cstackBANK0  00028
__div_to_l_@quot           cstackBANK0  00028
__tdiv_to_l_@quot          cstackBANK0  00028
___awdiv@quotient          cstackBANK0  00029
?___flmul                  cstackBANK0  0002B
___flmul@b                 cstackBANK0  0002B
___lldiv@counter           cstackBANK0  0002C
__div_to_l_@cntr           cstackBANK0  0002C
__tdiv_to_l_@cntr          cstackBANK0  0002C
?___llmod                  cstackBANK0  0002D
___llmod@divisor           cstackBANK0  0002D
__div_to_l_@exp1           cstackBANK0  0002D
__tdiv_to_l_@exp1          cstackBANK0  0002D
_Lcd_Clear                 text35       00017
__end_of_Lcd_Port          text37       00017
__ptext35                  text35       00017
___flmul@a                 cstackBANK0  0002F
___llmod@dividend          cstackBANK0  00031
__stringbase               strings      0001B
___flmul@sign              cstackBANK0  00038
__end_of__stringtab        strings      0001C
__powers_                  strings      0001C
pnum$text1_split_1         (abs)        00038
___flmul@grs               cstackBANK0  00039
___flmul@aexp              cstackBANK0  0003D
___flmul@bexp              cstackBANK0  0003E
___flmul@prod              cstackBANK0  0003F
___flmul@temp              cstackBANK0  00043
?_conversor                cstackBANK0  00045
?_conversor2               cstackBANK0  00045
?_fround                   cstackBANK0  00045
?_scale                    cstackBANK0  00045
__end_of_Lcd_Clear         text35       00024
__ptext25                  text25       00024
_recibir                   text25       00024
conversor2@val             cstackBANK0  0004D
conversor@val              cstackBANK0  0004D
_fround$1271               cstackBANK0  00050
_scale$1272                cstackBANK0  00053
_fround$1270               cstackBANK0  00054
scale@scl                  cstackBANK0  00057
?___fltol                  cstackBANK0  00058
___fltol@f1                cstackBANK0  00058
fround@prec                cstackBANK0  00058
?___fladd                  cstackBANK0  00059
___fladd@b                 cstackBANK0  00059
___fladd@a                 cstackBANK0  0005D
__end_of_recibir           text25       0002F
__ptext24                  text24       0002F
_setup                     text24       0002F
___fltol@sign1             cstackBANK0  00061
___fltol@exp1              cstackBANK0  00062
___fladd@signs             cstackBANK0  00069
___fladd@aexp              cstackBANK0  0006A
___fladd@bexp              cstackBANK0  0006B
___fladd@grs               cstackBANK0  0006C
__pbssBANK0                bssBANK0     0006D
_valorC                    bssBANK0     0006D
__pcstackCOMMON            cstackCOMMON 00070
?__Umul8_16                cstackCOMMON 00073
?___awmod                  cstackCOMMON 00073
?___flneg                  cstackCOMMON 00073
?___lwmod                  cstackCOMMON 00073
?___wmul                   cstackCOMMON 00073
?___xxtofl                 cstackCOMMON 00073
Lcd_Port@a                 cstackCOMMON 00073
__Umul8_16@multiplicand    cstackCOMMON 00073
___awmod@divisor           cstackCOMMON 00073
___flneg@f1                cstackCOMMON 00073
___lwmod@divisor           cstackCOMMON 00073
___wmul@multiplier         cstackCOMMON 00073
___xxtofl@val              cstackCOMMON 00073
_isdigit$1087              cstackCOMMON 00073
spiInit@sDataSample        cstackCOMMON 00073
spiWrite@dat               cstackCOMMON 00073
isdigit@c                  cstackCOMMON 00074
spiInit@sClockIdle         cstackCOMMON 00074
Lcd_Write_Char@a           cstackCOMMON 00075
___awmod@dividend          cstackCOMMON 00075
___llmod@counter           cstackCOMMON 00075
___lwmod@dividend          cstackCOMMON 00075
___wmul@multiplicand       cstackCOMMON 00075
spiInit@sTransmitEdge      cstackCOMMON 00075
Lcd_Cmd@a                  cstackCOMMON 00076
Lcd_Write_String@a         cstackCOMMON 00076
spiInit@sType              cstackCOMMON 00076
Lcd_Set_Cursor@b           cstackCOMMON 00077
__pdataCOMMON              dataCOMMON   00078
__pbssCOMMON               bssCOMMON    0007A
btemp                      (abs)        0007E
saved_w                    (abs)        0007E
wtemp0                     (abs)        0007E
_TRISB                     (abs)        00086
_TRISC                     (abs)        00087
_TRISD                     (abs)        00088
_TRISE                     (abs)        00089
__end_of_setup             text24       00045
__ptext22                  text22       00045
_spiReceiveWait            text22       00045
_PIE1bits                  (abs)        0008C
_SSPSTAT                   (abs)        00094
_SSPSTATbits               (abs)        00094
_TXSTAbits                 (abs)        00098
__end_of_spiReceiveWait    text22       0004C
__ptext21                  text21       0004C
_spiRead                   text21       0004C
_SPBRG                     (abs)        00099
?___flsub                  cstackBANK1  000A0
___flsub@a                 cstackBANK1  000A0
__end_of__powers_          strings      00050
__npowers_                 strings      00050
__pcstackBANK1             cstackBANK1  000A0
___flsub@b                 cstackBANK1  000A4
?_sprintf                  cstackBANK1  000A8
sprintf@f                  cstackBANK1  000A8
__end_of_spiRead           text21       00055
__ptext20                  text20       00055
_spiWrite                  text20       00055
_sprintf$1273              cstackBANK1  000B2
__HcstackBANK0             cstackBANK0  000B6
__HcstackBANK1             cstackBANK1  000B6
__HcstackCOMMON            cstackCOMMON 000B6
__LcstackBANK0             cstackBANK0  000B6
__LcstackBANK1             cstackBANK1  000B6
__LcstackCOMMON            cstackCOMMON 000B6
__end_of_spiWrite          text20       0005B
clear_ram0                 clrtext      0005B
sprintf@ap                 cstackBANK1  000B6
sprintf@flag               cstackBANK1  000B7
sprintf@width              cstackBANK1  000B9
sprintf@tmpval             cstackBANK1  000BB
sprintf@val                cstackBANK1  000BF
sprintf@eexp               cstackBANK1  000C3
sprintf@fval               cstackBANK1  000C5
__HbssBANK0                bssBANK0     000C6
__HbssBANK1                bssBANK1     000C6
__HbssBANK3                bssBANK3     000C6
__HbssCOMMON               bssCOMMON    000C6
__HdataCOMMON              dataCOMMON   000C6
__HidataCOMMON             idataCOMMON  000C6
__LbssBANK0                bssBANK0     000C6
__LbssBANK1                bssBANK1     000C6
__LbssBANK3                bssBANK3     000C6
__LbssCOMMON               bssCOMMON    000C6
__LdataCOMMON              dataCOMMON   000C6
__LidataCOMMON             idataCOMMON  000C6
sprintf@sp                 cstackBANK1  000C9
sprintf@prec               cstackBANK1  000CA
sprintf@c                  cstackBANK1  000CC
__pbssBANK1                bssBANK1     000D0
_p                         bssBANK1     000D0
_x                         bssBANK1     000D4
_vv                        bssBANK1     000D8
_v                         bssBANK1     000DC
_recibido                  bssBANK1     000E1
_valorA                    bssBANK1     000E4
_valorT                    bssBANK1     000E5
__end_of__npowers_         strings      00084
_dpowers                   strings      00084
__end_of_dpowers           strings      000AC
_BAUDCTLbits               (abs)        00187
_ANSEL                     (abs)        00188
__pbssBANK3                bssBANK3     00190
_s                         bssBANK3     00190
___flneg                   text17       000D3
__ptext17                  text17       000D3
___fltol                   text14       000DE
__end_of___flneg           text17       000DE
__ptext14                  text14       000DE
__Hspace_1                 (abs)        001C2
__S1                       (abs)        001C2
__end_of___fltol           text14       0015A
_TRISC3                    (abs)        0043B
_TRISC5                    (abs)        0043D
_TRMT                      (abs)        004C1
__Lcinit                   cinit        007DC
__end_of_sprintf           text1_split_1 007DC
__initialization           cinit        007DC
start_initialization       cinit        007DC
__end_of__initialization   cinit        007FC
end_of_initialization      cinit        007FC
__Hcinit                   cinit        00800
__pidataCOMMON             idataCOMMON  00801
__ptext5                   text5        00803
_isdigit                   text5        00803
___awdiv                   text4        00815
__end_of_isdigit           text5        00815
__ptext4                   text4        00815
__div_to_l_                text10       0087E
__end_of___awdiv           text4        0087E
__ptext10                  text10       0087E
___flmul                   text29       0093C
__end_of__div_to_l_        text10       0093C
__ptext29                  text29       0093C
__end_of___flmul           text29       00C9D
__ptext2                   text2        00C9D
_scale                     text2        00C9D
__Hspace_0                 (abs)        02000
__S0                       (abs)        02000
__end_of_scale             text2        01000
__ptext26                  text26       01005
_conversor2                text26       01005
__end_of_conversor2        text26       01061
__ptext6                   text6        01061
_fround                    text6        01061
___fladd                   text16       0126E
__end_of_fround            text6        0126E
__ptext16                  text16       0126E
__end_of___fladd           text16       014F6
__ptext1                   text1        014F6
_sprintf                   text1        014F6
__ptext23                  text23       01800
_spiInit                   text23       01800
_Lcd_Cmd                   text36       01816
__end_of_spiInit           text23       01816
__ptext36                  text36       01816
_Lcd_Write_Char            text32       01830
__end_of_Lcd_Cmd           text36       01830
__ptext32                  text32       01830
_ISR                       text39       0184B
__end_of_Lcd_Write_Char    text32       0184B
__ptext39                  text39       0184B
_Lcd_Set_Cursor            text33       01869
__end_of_ISR               text39       01869
__ptext33                  text33       01869
__Umul8_16                 text30       0188F
__end_of_Lcd_Set_Cursor    text33       0188F
__ptext30                  text30       0188F
___wmul                    text11       018B8
__end_of__Umul8_16         text30       018B8
__ptext11                  text11       018B8
___lwmod                   text7        018E3
__end_of___wmul            text11       018E3
__ptext7                   text7        018E3
_Lcd_Write_String          text31       0191F
__end_of___lwmod           text7        0191F
__ptext31                  text31       0191F
___lwdiv                   text8        01965
__end_of_Lcd_Write_String  text31       01965
__ptext8                   text8        01965
_Lcd_Init                  text34       019AB
__end_of___lwdiv           text8        019AB
__ptext34                  text34       019AB
___fleq                    text19       019F2
__end_of_Lcd_Init          text34       019F2
__ptext19                  text19       019F2
___flsub                   text15       01A42
__end_of___fleq            text19       01A42
__ptext15                  text15       01A42
___llmod                   text12       01A92
__end_of___flsub           text15       01A92
__ptext12                  text12       01A92
___awmod                   text3        01AE8
__end_of___llmod           text12       01AE8
__ptext3                   text3        01AE8
__end_of___awmod           text3        01B43
__ptext27                  text27       01B43
_conversor                 text27       01B43
___lldiv                   text13       01B9F
__end_of_conversor         text27       01B9F
__ptext13                  text13       01B9F
___flge                    text18       01C07
__end_of___lldiv           text13       01C07
__ptext18                  text18       01C07
___xxtofl                  text28       01CAB
__end_of___flge            text18       01CAB
__ptext28                  text28       01CAB
__end_of___xxtofl          text28       01D67
__ptext9                   text9        01D67
__tdiv_to_l_               text9        01D67
__end_of__tdiv_to_l_       text9        01E24
__pmaintext                maintext     01E24
_main                      maintext     01E24
__end_of_main              maintext     02000
__Hspace_4                 (abs)        04010
__Hconfig                  config       02009
psplit$0                   (abs)        F0038
