Microchip MPLAB XC8 Compiler V2.31

Linker command line:

-W-3 --edf=C:\Program Files\Microchip\xc8\v2.31\pic\dat\en_msgs.txt -cn \
  -h+dist/default/production\master.X.production.sym \
  --cmf=dist/default/production\master.X.production.cmf -z -Q16F887 \
  -oC:\Users\SAGASTUME\AppData\Local\Temp\s102g.2 --defsym=__MPLAB_BUILD=1 \
  -Mdist/default/production/master.X.production.map -E1 -ver=XC8 Compiler \
  --acfsm=1493 -ASTACK=0110h-016Fh -pstack=STACK -ACODE=00h-07FFhx4 \
  -ASTRCODE=00h-01FFFh -ASTRING=00h-0FFhx32 -ACONST=00h-0FFhx32 \
  -AENTRY=00h-0FFhx32 -ACOMMON=070h-07Fh -ABANK0=020h-06Fh \
  -ABANK1=0A0h-0EFh -ABANK2=0110h-016Fh -ABANK3=0190h-01EFh \
  -ARAM=020h-06Fh,0A0h-0EFh,0110h-016Fh,0190h-01EFh \
  -AABS1=020h-07Fh,0A0h-0EFh,0110h-016Fh,0190h-01EFh -ASFR0=00h-01Fh \
  -ASFR1=080h-09Fh -ASFR2=0100h-010Fh -ASFR3=0180h-018Fh \
  -ACONFIG=02007h-02008h -DCONFIG=2 -AIDLOC=02000h-02003h -DIDLOC=2 \
  -AEEDATA=00h-0FFh/02100h -peeprom_data=EEDATA -DEEDATA=2 -DCODE=2 \
  -DSTRCODE=2 -DSTRING=2 -DCONST=2 -DENTRY=2 \
  -preset_vec=00h,intentry=04h,init,end_init -ppowerup=CODE -pcinit=CODE \
  -pfunctab=ENTRY -k C:\Users\SAGASTUME\AppData\Local\Temp\s102g.o \
  dist/default/production\master.X.production.o 

Object code version is 3.11

Machine type is 16F887



                Name                               Link     Load   Length Selector   Space Scale
C:\Users\SAGASTUME\AppData\Local\Temp\s102g.o
                end_init                              C        C        3        8       0
                reset_vec                             0        0        3        0       0
                config                             2007     2007        2        0       4
dist/default/production\master.X.production.o
                cinit                                 F        F       1B        8       0
                intentry                              4        4        8        8       0
                text1_split_1                        2A       2A      682        8       0
                config                             2007     2007        2        0       4
                text38                             19B5     19B5       1E     336A       0
                text37                             1965     1965       11     32CA       0
                text36                             191E     191E        6     323C       0
                text35                              7E6      7E6       1A        8       0
                text34                             1958     1958        D     32B0       0
                text33                             1B15     1B15       47     362A       0
                text32                             19D3     19D3       26     33A6       0
                text31                             199A     199A       1B     3334       0
                text30                             1A89     1A89       46     3512       0
                text29                             19F9     19F9       29     33F2       0
                text28                              93C      93C      361     1278       0
                text27                             1DB9     1DB9       BC     3B72       0
                text26                             1005     1005       5C     200A       0
                text25                             1942     1942        B     3284       0
                text24                             1976     1976       12     32EC       0
                text23                              801      801       15     1002       0
                text22                             192A     192A        7     3254       0
                text21                             1939     1939        9     3272       0
                text20                             1924     1924        6     3248       0
                text19                             1B5C     1B5C       50     36B8       0
                text18                             1D15     1D15       A4     3A2A       0
                text17                             194D     194D        B     329A       0
                text16                             126E     126E      288     24DC       0
                text15                             1BAC     1BAC       50     3758       0
                text14                              76A      76A       7C        8       0
                text13                             1CAD     1CAD       68     395A       0
                text12                             1BFC     1BFC       56     37F8       0
                text11                             1A22     1A22       2B     3444       0
                text10                              6AC      6AC       BE        8       0
                text9                               87F      87F       BD     10FE       0
                text8                              1ACF     1ACF       46     359E       0
                text7                              1A4D     1A4D       3C     349A       0
                text6                              1061     1061      20D     20C2       0
                text5                              1988     1988       12     3310       0
                text4                               816      816       69     102C       0
                text3                              1C52     1C52       5B     38A4       0
                text2                               C9D      C9D      363     193A       0
                text1                              14F6     14F6      30A     29EC       0
                maintext                           1E75     1E75      18B     3CEA       0
                cstackBANK0                          20       20       4D       20       1
                cstackCOMMON                         70       70        8       70       1
                cstackBANK1                          A0       A0       2D       A0       1
                cstackBANK3                         190      190        3      190       1
                clrtext                            1931     1931        8     3262       0
                bssBANK1                             CD       CD       21       A0       1
                bssBANK0                             6D       6D        1       20       1
                dataCOMMON                           78       78        2       70       1
                bssCOMMON                            7A       7A        1       70       1
                strings                            1800     1800       BB     3000       0
                idataCOMMON                        1003     1003        2     2006       0

TOTAL           Name                               Link     Load   Length     Space
        CLASS   STACK          

        CLASS   CODE           
                end_init                              C        C        3         0
                cinit                                 F        F       1B         0
                intentry                              4        4        8         0
                reset_vec                             0        0        3         0
                text1_split_1                        2A       2A      682         0
                text38                             19B5     19B5       1E         0
                text37                             1965     1965       11         0
                text36                             191E     191E        6         0
                text35                              7E6      7E6       1A         0
                text34                             1958     1958        D         0
                text33                             1B15     1B15       47         0
                text32                             19D3     19D3       26         0
                text31                             199A     199A       1B         0
                text30                             1A89     1A89       46         0
                text29                             19F9     19F9       29         0
                text28                              93C      93C      361         0
                text27                             1DB9     1DB9       BC         0
                text26                             1005     1005       5C         0
                text25                             1942     1942        B         0
                text24                             1976     1976       12         0
                text23                              801      801       15         0
                text22                             192A     192A        7         0
                text21                             1939     1939        9         0
                text20                             1924     1924        6         0
                text19                             1B5C     1B5C       50         0
                text18                             1D15     1D15       A4         0
                text17                             194D     194D        B         0
                text16                             126E     126E      288         0
                text15                             1BAC     1BAC       50         0
                text14                              76A      76A       7C         0
                text13                             1CAD     1CAD       68         0
                text12                             1BFC     1BFC       56         0
                text11                             1A22     1A22       2B         0
                text10                              6AC      6AC       BE         0
                text9                               87F      87F       BD         0
                text8                              1ACF     1ACF       46         0
                text7                              1A4D     1A4D       3C         0
                text6                              1061     1061      20D         0
                text5                              1988     1988       12         0
                text4                               816      816       69         0
                text3                              1C52     1C52       5B         0
                text2                               C9D      C9D      363         0
                text1                              14F6     14F6      30A         0
                maintext                           1E75     1E75      18B         0
                clrtext                            1931     1931        8         0
                idataCOMMON                        1003     1003        2         0

        CLASS   STRCODE        

        CLASS   STRING         
                strings                            1800     1800       BB         0

        CLASS   CONST          

        CLASS   ENTRY          

        CLASS   COMMON         
                cstackCOMMON                         70       70        8         1
                dataCOMMON                           78       78        2         1
                bssCOMMON                            7A       7A        1         1

        CLASS   BANK0          
                cstackBANK0                          20       20       4D         1
                bssBANK0                             6D       6D        1         1

        CLASS   BANK1          
                cstackBANK1                          A0       A0       2D         1
                bssBANK1                             CD       CD       21         1

        CLASS   BANK2          

        CLASS   BANK3          
                cstackBANK3                         190      190        3         1

        CLASS   RAM            

        CLASS   ABS1           
                abs_s1                               7E       7E        2         1

        CLASS   SFR0           

        CLASS   SFR1           

        CLASS   SFR2           

        CLASS   SFR3           

        CLASS   CONFIG         
                config                             2007     2007        2         4

        CLASS   IDLOC          

        CLASS   EEDATA         



SEGMENTS        Name                           Load    Length   Top    Selector   Space  Class     Delta

                reset_vec                      000000  000003  000003         0       0  CODE        2
                intentry                       000004  0007FC  000800         8       0  CODE        2
                cstackBANK0                    000020  00004E  00006E        20       1  BANK0       1
                cstackCOMMON                   000070  00000B  00007B        70       1  COMMON      1
                cstackBANK1                    0000A0  00004E  0000EE        A0       1  BANK1       1
                cstackBANK3                    000190  000003  000193       190       1  BANK3       1
                text23                         000801  000015  000816      1002       0  CODE        2
                text4                          000816  000069  00087F      102C       0  CODE        2
                text9                          00087F  0000BD  00093C      10FE       0  CODE        2
                text28                         00093C  000361  000C9D      1278       0  CODE        2
                text2                          000C9D  000363  001000      193A       0  CODE        2
                idataCOMMON                    001003  000002  001005      2006       0  CODE        2
                text26                         001005  00005C  001061      200A       0  CODE        2
                text6                          001061  00020D  00126E      20C2       0  CODE        2
                text16                         00126E  000288  0014F6      24DC       0  CODE        2
                text1                          0014F6  00030A  001800      29EC       0  CODE        2
                strings                        001800  0000BB  0018BB      3000       0  STRING      2
                text36                         00191E  000006  001924      323C       0  CODE        2
                text20                         001924  000006  00192A      3248       0  CODE        2
                text22                         00192A  000007  001931      3254       0  CODE        2
                clrtext                        001931  000008  001939      3262       0  CODE        2
                text21                         001939  000009  001942      3272       0  CODE        2
                text25                         001942  00000B  00194D      3284       0  CODE        2
                text17                         00194D  00000B  001958      329A       0  CODE        2
                text34                         001958  00000D  001965      32B0       0  CODE        2
                text37                         001965  000011  001976      32CA       0  CODE        2
                text24                         001976  000012  001988      32EC       0  CODE        2
                text5                          001988  000012  00199A      3310       0  CODE        2
                text31                         00199A  00001B  0019B5      3334       0  CODE        2
                text38                         0019B5  00001E  0019D3      336A       0  CODE        2
                text32                         0019D3  000026  0019F9      33A6       0  CODE        2
                text29                         0019F9  000029  001A22      33F2       0  CODE        2
                text11                         001A22  00002B  001A4D      3444       0  CODE        2
                text7                          001A4D  00003C  001A89      349A       0  CODE        2
                text30                         001A89  000046  001ACF      3512       0  CODE        2
                text8                          001ACF  000046  001B15      359E       0  CODE        2
                text33                         001B15  000047  001B5C      362A       0  CODE        2
                text19                         001B5C  000050  001BAC      36B8       0  CODE        2
                text15                         001BAC  000050  001BFC      3758       0  CODE        2
                text12                         001BFC  000056  001C52      37F8       0  CODE        2
                text3                          001C52  00005B  001CAD      38A4       0  CODE        2
                text13                         001CAD  000068  001D15      395A       0  CODE        2
                text18                         001D15  0000A4  001DB9      3A2A       0  CODE        2
                text27                         001DB9  0000BC  001E75      3B72       0  CODE        2
                maintext                       001E75  00018B  002000      3CEA       0  CODE        2


UNUSED ADDRESS RANGES

        Name                Unused          Largest block    Delta
        BANK0            0006E-0006F               2           1
        BANK1            000EE-000EF               2           1
        BANK2            00110-0016F              60           1
        BANK3            00193-001EF              5D           1
        CODE             00003-00003               1           2
                         00800-00800               1
                         01000-01002               3
                         018BB-0191D              63
        COMMON           0007B-0007D               3           1
        CONST            00003-00003               1           2
                         00800-00800               1
                         01000-01002               3
                         018BB-0191D              45
        EEDATA           02100-021FF             100           2
        ENTRY            00003-00003               1           2
                         00800-00800               1
                         01000-01002               3
                         018BB-0191D              45
        IDLOC            02000-02003               4           2
        RAM              0006E-0006F               2           1
                         000EE-000EF               2
                         00110-0016F              60
                         00193-001EF              5D
        SFR0             00000-0001F              20           1
        SFR1             00080-0009F              20           1
        SFR2             00100-0010F              10           1
        SFR3             00180-0018F              10           1
        STACK            00110-0016F              60           1
        STRCODE          00003-00003               1           2
                         00800-00800               1
                         01000-01002               3
                         018BB-0191D              63
        STRING           00003-00003               1           2
                         00800-00800               1
                         01000-01002               3
                         018BB-0191D              45

                                  Symbol Table

?__Umul8_16                cstackCOMMON 00073
?___awdiv                  cstackBANK0  00022
?___awmod                  cstackCOMMON 00073
?___fladd                  cstackBANK0  00059
?___flmul                  cstackBANK0  0002B
?___flneg                  cstackCOMMON 00073
?___flsub                  cstackBANK1  000A0
?___fltol                  cstackBANK0  00058
?___lldiv                  cstackBANK0  00020
?___llmod                  cstackBANK0  0002D
?___lwdiv                  cstackBANK0  00021
?___lwmod                  cstackCOMMON 00073
?___wmul                   cstackCOMMON 00073
?___xxtofl                 cstackCOMMON 00073
?__div_to_l_               cstackBANK0  00020
?__tdiv_to_l_              cstackBANK0  00020
?_conversor                cstackBANK0  00045
?_fround                   cstackBANK0  00045
?_scale                    cstackBANK0  00045
?_sprintf                  cstackBANK1  000A8
Lcd_Cmd@a                  cstackCOMMON 00076
Lcd_Port@a                 cstackCOMMON 00073
Lcd_Set_Cursor@a           cstackBANK0  00021
Lcd_Set_Cursor@b           cstackCOMMON 00077
Lcd_Set_Cursor@temp        cstackBANK0  00022
Lcd_Write_Char@a           cstackCOMMON 00075
Lcd_Write_String@a         cstackCOMMON 00076
Lcd_Write_String@i         cstackBANK0  00023
_ANSEL                     (abs)        00188
_BAUDCTLbits               (abs)        00187
_Config_USARTT             text37       01965
_INTCONbits                (abs)        0000B
_ISR                       text38       019B5
_Lcd_Clear                 text34       01958
_Lcd_Cmd                   text35       007E6
_Lcd_Init                  text33       01B15
_Lcd_Port                  text36       0191E
_Lcd_Set_Cursor            text32       019D3
_Lcd_Write_Char            text31       0199A
_Lcd_Write_String          text30       01A89
_PIE1bits                  (abs)        0008C
_PIR1bits                  (abs)        0000C
_PORTA                     (abs)        00005
_PORTB                     (abs)        00006
_PORTBbits                 (abs)        00006
_PORTC                     (abs)        00007
_PORTD                     (abs)        00008
_PORTE                     (abs)        00009
_PORTEbits                 (abs)        00009
_RCREG                     (abs)        0001A
_RCSTAbits                 (abs)        00018
_SPBRG                     (abs)        00099
_SSPBUF                    (abs)        00013
_SSPCON                    (abs)        00014
_SSPSTAT                   (abs)        00094
_SSPSTATbits               (abs)        00094
_TRISB                     (abs)        00086
_TRISC                     (abs)        00087
_TRISD                     (abs)        00088
_TRISE                     (abs)        00089
_TRMT                      (abs)        004C1
_TXREG                     (abs)        00019
_TXSTAbits                 (abs)        00098
__Habs1                    abs1         00000
__Hbank0                   bank0        00000
__Hbank1                   bank1        00000
__Hbank2                   bank2        00000
__Hbank3                   bank3        00000
__HbssBANK0                bssBANK0     00000
__HbssBANK1                bssBANK1     00000
__HbssCOMMON               bssCOMMON    00000
__Hcinit                   cinit        0002A
__Hclrtext                 clrtext      00000
__Hcode                    code         00000
__Hcommon                  common       00000
__Hconfig                  config       02009
__HcstackBANK0             cstackBANK0  00000
__HcstackBANK1             cstackBANK1  00000
__HcstackBANK3             cstackBANK3  00000
__HcstackCOMMON            cstackCOMMON 00000
__HdataCOMMON              dataCOMMON   00000
__Heeprom_data             eeprom_data  00000
__Hend_init                end_init     0000F
__Hfunctab                 functab      00000
__HidataCOMMON             idataCOMMON  00000
__Hinit                    init         0000C
__Hintentry                intentry     0000C
__Hmaintext                maintext     00000
__Hpowerup                 powerup      00000
__Hram                     ram          00000
__Hreset_vec               reset_vec    00003
__Hsfr0                    sfr0         00000
__Hsfr1                    sfr1         00000
__Hsfr2                    sfr2         00000
__Hsfr3                    sfr3         00000
__Hspace_0                 (abs)        02000
__Hspace_1                 (abs)        00193
__Hspace_2                 (abs)        00000
__Hspace_3                 (abs)        00000
__Hspace_4                 (abs)        04010
__Hstack                   stack        00000
__Hstrings                 strings      00000
__Htext                    text         00000
__Labs1                    abs1         00000
__Lbank0                   bank0        00000
__Lbank1                   bank1        00000
__Lbank2                   bank2        00000
__Lbank3                   bank3        00000
__LbssBANK0                bssBANK0     00000
__LbssBANK1                bssBANK1     00000
__LbssCOMMON               bssCOMMON    00000
__Lcinit                   cinit        0000F
__Lclrtext                 clrtext      00000
__Lcode                    code         00000
__Lcommon                  common       00000
__Lconfig                  config       00000
__LcstackBANK0             cstackBANK0  00000
__LcstackBANK1             cstackBANK1  00000
__LcstackBANK3             cstackBANK3  00000
__LcstackCOMMON            cstackCOMMON 00000
__LdataCOMMON              dataCOMMON   00000
__Leeprom_data             eeprom_data  00000
__Lend_init                end_init     0000C
__Lfunctab                 functab      00000
__LidataCOMMON             idataCOMMON  00000
__Linit                    init         0000C
__Lintentry                intentry     00004
__Lmaintext                maintext     00000
__Lpowerup                 powerup      00000
__Lram                     ram          00000
__Lreset_vec               reset_vec    00000
__Lsfr0                    sfr0         00000
__Lsfr1                    sfr1         00000
__Lsfr2                    sfr2         00000
__Lsfr3                    sfr3         00000
__Lspace_0                 (abs)        00000
__Lspace_1                 (abs)        00000
__Lspace_2                 (abs)        00000
__Lspace_3                 (abs)        00000
__Lspace_4                 (abs)        00000
__Lstack                   stack        00000
__Lstrings                 strings      00000
__Ltext                    text         00000
__S0                       (abs)        02000
__S1                       (abs)        00193
__S2                       (abs)        00000
__S3                       (abs)        00000
__Umul8_16                 text29       019F9
__Umul8_16@multiplicand    cstackCOMMON 00073
__Umul8_16@multiplier      cstackBANK0  00024
__Umul8_16@product         cstackBANK0  00020
__Umul8_16@word_mpld       cstackBANK0  00022
___awdiv                   text4        00816
___awdiv@counter           cstackBANK0  00027
___awdiv@dividend          cstackBANK0  00024
___awdiv@divisor           cstackBANK0  00022
___awdiv@quotient          cstackBANK0  00029
___awdiv@sign              cstackBANK0  00028
___awmod                   text3        01C52
___awmod@counter           cstackBANK0  00020
___awmod@dividend          cstackCOMMON 00075
___awmod@divisor           cstackCOMMON 00073
___awmod@sign              cstackBANK0  00021
___fladd                   text16       0126E
___fladd@a                 cstackBANK0  0005D
___fladd@aexp              cstackBANK0  0006A
___fladd@b                 cstackBANK0  00059
___fladd@bexp              cstackBANK0  0006B
___fladd@grs               cstackBANK0  0006C
___fladd@signs             cstackBANK0  00069
___fleq                    text19       01B5C
___fleq@ff1                cstackBANK0  00020
___fleq@ff2                cstackBANK0  00024
___flge                    text18       01D15
___flge@ff1                cstackBANK0  00020
___flge@ff2                cstackBANK0  00024
___flmul                   text28       0093C
___flmul@a                 cstackBANK0  0002F
___flmul@aexp              cstackBANK0  0003D
___flmul@b                 cstackBANK0  0002B
___flmul@bexp              cstackBANK0  0003E
___flmul@grs               cstackBANK0  00039
___flmul@prod              cstackBANK0  0003F
___flmul@sign              cstackBANK0  00038
___flmul@temp              cstackBANK0  00043
___flneg                   text17       0194D
___flneg@f1                cstackCOMMON 00073
___flsub                   text15       01BAC
___flsub@a                 cstackBANK1  000A0
___flsub@b                 cstackBANK1  000A4
___fltol                   text14       0076A
___fltol@exp1              cstackBANK0  00062
___fltol@f1                cstackBANK0  00058
___fltol@sign1             cstackBANK0  00061
___int_sp                  stack        00000
___latbits                 (abs)        00002
___lldiv                   text13       01CAD
___lldiv@counter           cstackBANK0  0002C
___lldiv@dividend          cstackBANK0  00024
___lldiv@divisor           cstackBANK0  00020
___lldiv@quotient          cstackBANK0  00028
___llmod                   text12       01BFC
___llmod@counter           cstackCOMMON 00075
___llmod@dividend          cstackBANK0  00031
___llmod@divisor           cstackBANK0  0002D
___lwdiv                   text8        01ACF
___lwdiv@counter           cstackBANK0  00026
___lwdiv@dividend          cstackBANK0  00023
___lwdiv@divisor           cstackBANK0  00021
___lwdiv@quotient          cstackBANK0  00027
___lwmod                   text7        01A4D
___lwmod@counter           cstackBANK0  00020
___lwmod@dividend          cstackCOMMON 00075
___lwmod@divisor           cstackCOMMON 00073
___sp                      stack        00000
___stackhi                 (abs)        00000
___stacklo                 (abs)        00000
___wmul                    text11       01A22
___wmul@multiplicand       cstackCOMMON 00075
___wmul@multiplier         cstackCOMMON 00073
___wmul@product            cstackBANK0  00020
___xxtofl                  text27       01DB9
___xxtofl@arg              cstackBANK0  00026
___xxtofl@exp              cstackBANK0  00025
___xxtofl@sign             cstackBANK0  00024
___xxtofl@val              cstackCOMMON 00073
__div_to_l_                text10       006AC
__div_to_l_@cntr           cstackBANK0  0002C
__div_to_l_@exp1           cstackBANK0  0002D
__div_to_l_@f1             cstackBANK0  00020
__div_to_l_@f2             cstackBANK0  00024
__div_to_l_@quot           cstackBANK0  00028
__end_of_Config_USARTT     text37       01976
__end_of_ISR               text38       019D3
__end_of_Lcd_Clear         text34       01965
__end_of_Lcd_Cmd           text35       00800
__end_of_Lcd_Init          text33       01B5C
__end_of_Lcd_Port          text36       01924
__end_of_Lcd_Set_Cursor    text32       019F9
__end_of_Lcd_Write_Char    text31       019B5
__end_of_Lcd_Write_String  text30       01ACF
__end_of__Umul8_16         text29       01A22
__end_of___awdiv           text4        0087F
__end_of___awmod           text3        01CAD
__end_of___fladd           text16       014F6
__end_of___fleq            text19       01BAC
__end_of___flge            text18       01DB9
__end_of___flmul           text28       00C9D
__end_of___flneg           text17       01958
__end_of___flsub           text15       01BFC
__end_of___fltol           text14       007E6
__end_of___lldiv           text13       01D15
__end_of___llmod           text12       01C52
__end_of___lwdiv           text8        01B15
__end_of___lwmod           text7        01A89
__end_of___wmul            text11       01A4D
__end_of___xxtofl          text27       01E75
__end_of__div_to_l_        text10       0076A
__end_of__initialization   cinit        00026
__end_of__npowers_         strings      01878
__end_of__powers_          strings      01844
__end_of__stringtab        strings      01810
__end_of__tdiv_to_l_       text9        0093C
__end_of_conversor         text26       01061
__end_of_dpowers           strings      018A0
__end_of_fround            text6        0126E
__end_of_isdigit           text5        0199A
__end_of_main              maintext     02000
__end_of_recibir           text25       0194D
__end_of_scale             text2        01000
__end_of_setup             text24       01988
__end_of_spiInit           text23       00816
__end_of_spiRead           text21       01942
__end_of_spiReceiveWait    text22       01931
__end_of_spiWrite          text20       0192A
__end_of_sprintf           text1_split_1 006AC
__initialization           cinit        0000F
__npowers_                 strings      01844
__pbssBANK0                bssBANK0     0006D
__pbssBANK1                bssBANK1     000CD
__pbssCOMMON               bssCOMMON    0007A
__pcstackBANK0             cstackBANK0  00020
__pcstackBANK1             cstackBANK1  000A0
__pcstackBANK3             cstackBANK3  00190
__pcstackCOMMON            cstackCOMMON 00070
__pdataCOMMON              dataCOMMON   00078
__pidataCOMMON             idataCOMMON  01003
__pintentry                intentry     00004
__pmaintext                maintext     01E75
__powers_                  strings      01810
__pstrings                 strings      01800
__ptext1                   text1        014F6
__ptext10                  text10       006AC
__ptext11                  text11       01A22
__ptext12                  text12       01BFC
__ptext13                  text13       01CAD
__ptext14                  text14       0076A
__ptext15                  text15       01BAC
__ptext16                  text16       0126E
__ptext17                  text17       0194D
__ptext18                  text18       01D15
__ptext19                  text19       01B5C
__ptext2                   text2        00C9D
__ptext20                  text20       01924
__ptext21                  text21       01939
__ptext22                  text22       0192A
__ptext23                  text23       00801
__ptext24                  text24       01976
__ptext25                  text25       01942
__ptext26                  text26       01005
__ptext27                  text27       01DB9
__ptext28                  text28       0093C
__ptext29                  text29       019F9
__ptext3                   text3        01C52
__ptext30                  text30       01A89
__ptext31                  text31       0199A
__ptext32                  text32       019D3
__ptext33                  text33       01B15
__ptext34                  text34       01958
__ptext35                  text35       007E6
__ptext36                  text36       0191E
__ptext37                  text37       01965
__ptext38                  text38       019B5
__ptext4                   text4        00816
__ptext5                   text5        01988
__ptext6                   text6        01061
__ptext7                   text7        01A4D
__ptext8                   text8        01ACF
__ptext9                   text9        0087F
__size_of_Config_USARTT    (abs)        00000
__size_of_ISR              (abs)        00000
__size_of_Lcd_Clear        (abs)        00000
__size_of_Lcd_Cmd          (abs)        00000
__size_of_Lcd_Init         (abs)        00000
__size_of_Lcd_Port         (abs)        00000
__size_of_Lcd_Set_Cursor   (abs)        00000
__size_of_Lcd_Write_Char   (abs)        00000
__size_of_Lcd_Write_String (abs)        00000
__size_of__Umul8_16        (abs)        00000
__size_of___awdiv          (abs)        00000
__size_of___awmod          (abs)        00000
__size_of___fladd          (abs)        00000
__size_of___fleq           (abs)        00000
__size_of___flge           (abs)        00000
__size_of___flmul          (abs)        00000
__size_of___flneg          (abs)        00000
__size_of___flsub          (abs)        00000
__size_of___fltol          (abs)        00000
__size_of___lldiv          (abs)        00000
__size_of___llmod          (abs)        00000
__size_of___lwdiv          (abs)        00000
__size_of___lwmod          (abs)        00000
__size_of___wmul           (abs)        00000
__size_of___xxtofl         (abs)        00000
__size_of__div_to_l_       (abs)        00000
__size_of__tdiv_to_l_      (abs)        00000
__size_of_conversor        (abs)        00000
__size_of_fround           (abs)        00000
__size_of_isdigit          (abs)        00000
__size_of_main             (abs)        00000
__size_of_recibir          (abs)        00000
__size_of_scale            (abs)        00000
__size_of_setup            (abs)        00000
__size_of_spiInit          (abs)        00000
__size_of_spiRead          (abs)        00000
__size_of_spiReceiveWait   (abs)        00000
__size_of_spiWrite         (abs)        00000
__size_of_sprintf          (abs)        00000
__stringbase               strings      0180F
__stringtab                strings      01800
__tdiv_to_l_               text9        0087F
__tdiv_to_l_@cntr          cstackBANK0  0002C
__tdiv_to_l_@exp1          cstackBANK0  0002D
__tdiv_to_l_@f1            cstackBANK0  00020
__tdiv_to_l_@f2            cstackBANK0  00024
__tdiv_to_l_@quot          cstackBANK0  00028
_conversor                 text26       01005
_dpowers                   strings      01878
_fround                    text6        01061
_fround$1258               cstackBANK0  00054
_fround$1259               cstackBANK0  00050
_isdigit                   text5        01988
_isdigit$1075              cstackCOMMON 00073
_main                      maintext     01E75
_recibido                  bssBANK1     000D6
_recibir                   text25       01942
_s                         bssBANK1     000DA
_scale                     text2        00C9D
_scale$1260                cstackBANK0  00053
_setup                     text24       01976
_spiInit                   text23       00801
_spiRead                   text21       01939
_spiReceiveWait            text22       0192A
_spiWrite                  text20       01924
_sprintf                   text1        014F6
_sprintf$1261              cstackBANK1  000B2
_v                         bssBANK1     000D1
_valor0                    bssBANK0     0006D
_valor1                    bssBANK1     000D9
_valor2                    bssBANK1     000D8
_x                         bssBANK1     000CD
btemp                      (abs)        0007E
clear_ram0                 clrtext      01931
conversor@val              cstackBANK0  0004D
end_of_initialization      cinit        00026
fround@prec                cstackBANK0  00058
interrupt_function         intentry     00004
intlevel0                  functab      00000
intlevel1                  functab      00000
intlevel2                  functab      00000
intlevel3                  functab      00000
intlevel4                  functab      00000
intlevel5                  functab      00000
isdigit@c                  cstackCOMMON 00074
pnum$text1                 (abs)        0000F
pnum$text1_split_1         (abs)        00037
psplit$0                   (abs)        F0037
reset_vec                  reset_vec    00000
saved_w                    (abs)        0007E
scale@scl                  cstackBANK0  00057
spiInit@sClockIdle         cstackCOMMON 00074
spiInit@sDataSample        cstackCOMMON 00073
spiInit@sTransmitEdge      cstackCOMMON 00075
spiInit@sType              cstackCOMMON 00076
spiWrite@dat               cstackCOMMON 00073
sprintf@ap                 cstackBANK1  000B6
sprintf@c                  cstackBANK1  000CC
sprintf@eexp               cstackBANK1  000C3
sprintf@f                  cstackBANK1  000A8
sprintf@flag               cstackBANK1  000B7
sprintf@fval               cstackBANK1  000C5
sprintf@prec               cstackBANK1  000CA
sprintf@sp                 cstackBANK1  000C9
sprintf@tmpval             cstackBANK1  000BB
sprintf@val                cstackBANK1  000BF
sprintf@width              cstackBANK1  000B9
start                      init         0000C
start_initialization       cinit        0000F
wtemp0                     (abs)        0007E


FUNCTION INFORMATION:

 *************** function _main *****************
 Defined at:
		line 64 in file "main.c"
 Parameters:    Size  Location     Type
		None
 Auto vars:     Size  Location     Type
		None
 Return value:  Size  Location     Type
                  1    wreg      void 
 Registers used:
		wreg, fsr0l, fsr0h, status,2, status,0, btemp+1, pclath, cstack
 Tracked objects:
		On entry : 
		On exit  : 
		Unchanged: 
 Data sizes:     COMMON   BANK0   BANK1   BANK3   BANK2
      Params:         0       0       0       0       0
      Locals:         0       0       0       0       0
      Temps:          0       0       0       3       0
      Totals:         0       0       0       3       0
Total ram usage:        3 bytes
 Hardware stack levels required when called:    5
 This function calls:
		_Config_USARTT
		_Lcd_Clear
		_Lcd_Init
		_Lcd_Set_Cursor
		_Lcd_Write_String
		_conversor
		_recibir
		_setup
		_spiInit
		_spiRead
		_spiWrite
		_sprintf
 This function is called by:
		Startup code after reset
 This function uses a non-reentrant model


 *************** function _sprintf *****************
 Defined at:
		line 505 in file "C:\Program Files\Microchip\xc8\v2.31\pic\sources\c90\common\doprnt.c"
 Parameters:    Size  Location     Type
  sp              1    wreg     PTR unsigned char 
		 -> s(20), 
  f               1    8[BANK1 ] PTR const unsigned char 
		 -> STR_4(7), STR_3(3), STR_2(7), 
 Auto vars:     Size  Location     Type
  sp              1   41[BANK1 ] PTR unsigned char 
		 -> s(20), 
  fval            4   37[BANK1 ] PTR unsigned char 
  val             4   31[BANK1 ] unsigned long 
  tmpval          4   27[BANK1 ] struct .
  prec            2   42[BANK1 ] int 
  eexp            2   35[BANK1 ] int 
  width           2   25[BANK1 ] int 
  flag            2   23[BANK1 ] unsigned short 
  cp              2    0        PTR const unsigned char 
  len             2    0        unsigned int 
  c               1   44[BANK1 ] unsigned char 
  ap              1   22[BANK1 ] PTR void [1]
		 -> ?_sprintf(2), 
  d               1    0        unsigned char 
 Return value:  Size  Location     Type
                  2    8[BANK1 ] int 
 Registers used:
		wreg, fsr0l, fsr0h, status,2, status,0, btemp+1, pclath, cstack
 Tracked objects:
		On entry : 
		On exit  : 
		Unchanged: 
 Data sizes:     COMMON   BANK0   BANK1   BANK3   BANK2
      Params:         0       0       5       0       0
      Locals:         0       0      27       0       0
      Temps:          0       0       5       0       0
      Totals:         0       0      37       0       0
Total ram usage:       37 bytes
 Hardware stack levels used:    1
 Hardware stack levels required when called:    4
 This function calls:
		___awdiv
		___fladd
		___fleq
		___flge
		___flmul
		___flneg
		___flsub
		___fltol
		___lldiv
		___llmod
		___wmul
		___xxtofl
		__div_to_l_
		__tdiv_to_l_
		_fround
		_isdigit
		_scale
 This function is called by:
		_main
 This function uses a non-reentrant model


 *************** function _scale *****************
 Defined at:
		line 433 in file "C:\Program Files\Microchip\xc8\v2.31\pic\sources\c90\common\doprnt.c"
 Parameters:    Size  Location     Type
  scl             1    wreg     char 
 Auto vars:     Size  Location     Type
  scl             1   55[BANK0 ] char 
 Return value:  Size  Location     Type
                  4   37[BANK0 ] char 
 Registers used:
		wreg, fsr0l, fsr0h, status,2, status,0, btemp+1, pclath, cstack
 Tracked objects:
		On entry : 
		On exit  : 
		Unchanged: 
 Data sizes:     COMMON   BANK0   BANK1   BANK3   BANK2
      Params:         0       4       0       0       0
      Locals:         0       5       0       0       0
      Temps:          0      10       0       0       0
      Totals:         0      19       0       0       0
Total ram usage:       19 bytes
 Hardware stack levels used:    1
 Hardware stack levels required when called:    3
 This function calls:
		___awdiv
		___awmod
		___flmul
 This function is called by:
		_sprintf
 This function uses a non-reentrant model


 *************** function ___awmod *****************
 Defined at:
		line 5 in file "C:\Program Files\Microchip\xc8\v2.31\pic\sources\c90\common\awmod.c"
 Parameters:    Size  Location     Type
  divisor         2    3[COMMON] int 
  dividend        2    5[COMMON] int 
 Auto vars:     Size  Location     Type
  sign            1    1[BANK0 ] unsigned char 
  counter         1    0[BANK0 ] unsigned char 
 Return value:  Size  Location     Type
                  2    3[COMMON] int 
 Registers used:
		wreg, status,2, status,0
 Tracked objects:
		On entry : 
		On exit  : 
		Unchanged: 
 Data sizes:     COMMON   BANK0   BANK1   BANK3   BANK2
      Params:         4       0       0       0       0
      Locals:         0       2       0       0       0
      Temps:          1       0       0       0       0
      Totals:         5       2       0       0       0
Total ram usage:        7 bytes
 Hardware stack levels used:    1
 Hardware stack levels required when called:    1
 This function calls:
		Nothing
 This function is called by:
		_scale
 This function uses a non-reentrant model


 *************** function ___awdiv *****************
 Defined at:
		line 5 in file "C:\Program Files\Microchip\xc8\v2.31\pic\sources\c90\common\awdiv.c"
 Parameters:    Size  Location     Type
  divisor         2    2[BANK0 ] int 
  dividend        2    4[BANK0 ] int 
 Auto vars:     Size  Location     Type
  quotient        2    9[BANK0 ] int 
  sign            1    8[BANK0 ] unsigned char 
  counter         1    7[BANK0 ] unsigned char 
 Return value:  Size  Location     Type
                  2    2[BANK0 ] int 
 Registers used:
		wreg, status,2, status,0
 Tracked objects:
		On entry : 
		On exit  : 
		Unchanged: 
 Data sizes:     COMMON   BANK0   BANK1   BANK3   BANK2
      Params:         0       4       0       0       0
      Locals:         0       4       0       0       0
      Temps:          0       1       0       0       0
      Totals:         0       9       0       0       0
Total ram usage:        9 bytes
 Hardware stack levels used:    1
 Hardware stack levels required when called:    1
 This function calls:
		Nothing
 This function is called by:
		_scale
		_sprintf
 This function uses a non-reentrant model


 *************** function _isdigit *****************
 Defined at:
		line 8 in file "C:\Program Files\Microchip\xc8\v2.31\pic\sources\c90\common\isdigit.c"
 Parameters:    Size  Location     Type
  c               1    wreg     unsigned char 
 Auto vars:     Size  Location     Type
  c               1    4[COMMON] unsigned char 
 Return value:  Size  Location     Type
		None               void
 Registers used:
		wreg, status,2, status,0
 Tracked objects:
		On entry : 
		On exit  : 
		Unchanged: 
 Data sizes:     COMMON   BANK0   BANK1   BANK3   BANK2
      Params:         0       0       0       0       0
      Locals:         2       0       0       0       0
      Temps:          0       0       0       0       0
      Totals:         2       0       0       0       0
Total ram usage:        2 bytes
 Hardware stack levels used:    1
 Hardware stack levels required when called:    1
 This function calls:
		Nothing
 This function is called by:
		_sprintf
 This function uses a non-reentrant model


 *************** function _fround *****************
 Defined at:
		line 417 in file "C:\Program Files\Microchip\xc8\v2.31\pic\sources\c90\common\doprnt.c"
 Parameters:    Size  Location     Type
  prec            1    wreg     unsigned char 
 Auto vars:     Size  Location     Type
  prec            1   56[BANK0 ] unsigned char 
 Return value:  Size  Location     Type
                  4   37[BANK0 ] unsigned char 
 Registers used:
		wreg, fsr0l, fsr0h, status,2, status,0, btemp+1, pclath, cstack
 Tracked objects:
		On entry : 
		On exit  : 
		Unchanged: 
 Data sizes:     COMMON   BANK0   BANK1   BANK3   BANK2
      Params:         0       4       0       0       0
      Locals:         0       9       0       0       0
      Temps:          0       7       0       0       0
      Totals:         0      20       0       0       0
Total ram usage:       20 bytes
 Hardware stack levels used:    1
 Hardware stack levels required when called:    3
 This function calls:
		___flmul
		___lwdiv
		___lwmod
 This function is called by:
		_sprintf
 This function uses a non-reentrant model


 *************** function ___lwmod *****************
 Defined at:
		line 5 in file "C:\Program Files\Microchip\xc8\v2.31\pic\sources\c90\common\lwmod.c"
 Parameters:    Size  Location     Type
  divisor         2    3[COMMON] unsigned int 
  dividend        2    5[COMMON] unsigned int 
 Auto vars:     Size  Location     Type
  counter         1    0[BANK0 ] unsigned char 
 Return value:  Size  Location     Type
                  2    3[COMMON] unsigned int 
 Registers used:
		wreg, status,2, status,0
 Tracked objects:
		On entry : 
		On exit  : 
		Unchanged: 
 Data sizes:     COMMON   BANK0   BANK1   BANK3   BANK2
      Params:         4       0       0       0       0
      Locals:         0       1       0       0       0
      Temps:          1       0       0       0       0
      Totals:         5       1       0       0       0
Total ram usage:        6 bytes
 Hardware stack levels used:    1
 Hardware stack levels required when called:    1
 This function calls:
		Nothing
 This function is called by:
		_fround
 This function uses a non-reentrant model


 *************** function ___lwdiv *****************
 Defined at:
		line 5 in file "C:\Program Files\Microchip\xc8\v2.31\pic\sources\c90\common\lwdiv.c"
 Parameters:    Size  Location     Type
  divisor         2    1[BANK0 ] unsigned int 
  dividend        2    3[BANK0 ] unsigned int 
 Auto vars:     Size  Location     Type
  quotient        2    7[BANK0 ] unsigned int 
  counter         1    6[BANK0 ] unsigned char 
 Return value:  Size  Location     Type
                  2    1[BANK0 ] unsigned int 
 Registers used:
		wreg, status,2, status,0
 Tracked objects:
		On entry : 
		On exit  : 
		Unchanged: 
 Data sizes:     COMMON   BANK0   BANK1   BANK3   BANK2
      Params:         0       4       0       0       0
      Locals:         0       3       0       0       0
      Temps:          0       1       0       0       0
      Totals:         0       8       0       0       0
Total ram usage:        8 bytes
 Hardware stack levels used:    1
 Hardware stack levels required when called:    1
 This function calls:
		Nothing
 This function is called by:
		_fround
 This function uses a non-reentrant model


 *************** function __tdiv_to_l_ *****************
 Defined at:
		line 60 in file "C:\Program Files\Microchip\xc8\v2.31\pic\sources\c90\common\ftdivl.c"
 Parameters:    Size  Location     Type
  f1              4    0[BANK0 ] float 
  f2              4    4[BANK0 ] float 
 Auto vars:     Size  Location     Type
  quot            4    8[BANK0 ] unsigned long 
  exp1            1   13[BANK0 ] unsigned char 
  cntr            1   12[BANK0 ] unsigned char 
 Return value:  Size  Location     Type
                  4    0[BANK0 ] unsigned long 
 Registers used:
		wreg, status,2, status,0
 Tracked objects:
		On entry : 
		On exit  : 
		Unchanged: 
 Data sizes:     COMMON   BANK0   BANK1   BANK3   BANK2
      Params:         0       8       0       0       0
      Locals:         0       6       0       0       0
      Temps:          4       0       0       0       0
      Totals:         4      14       0       0       0
Total ram usage:       18 bytes
 Hardware stack levels used:    1
 Hardware stack levels required when called:    1
 This function calls:
		Nothing
 This function is called by:
		_sprintf
 This function uses a non-reentrant model


 *************** function __div_to_l_ *****************
 Defined at:
		line 60 in file "C:\Program Files\Microchip\xc8\v2.31\pic\sources\c90\common\fldivl.c"
 Parameters:    Size  Location     Type
  f1              4    0[BANK0 ] unsigned long 
  f2              4    4[BANK0 ] unsigned long 
 Auto vars:     Size  Location     Type
  quot            4    8[BANK0 ] unsigned long 
  exp1            1   13[BANK0 ] unsigned char 
  cntr            1   12[BANK0 ] unsigned char 
 Return value:  Size  Location     Type
                  4    0[BANK0 ] unsigned long 
 Registers used:
		wreg, status,2, status,0
 Tracked objects:
		On entry : 
		On exit  : 
		Unchanged: 
 Data sizes:     COMMON   BANK0   BANK1   BANK3   BANK2
      Params:         0       8       0       0       0
      Locals:         0       6       0       0       0
      Temps:          1       0       0       0       0
      Totals:         1      14       0       0       0
Total ram usage:       15 bytes
 Hardware stack levels used:    1
 Hardware stack levels required when called:    1
 This function calls:
		Nothing
 This function is called by:
		_sprintf
 This function uses a non-reentrant model


 *************** function ___wmul *****************
 Defined at:
		line 15 in file "C:\Program Files\Microchip\xc8\v2.31\pic\sources\c90\common\Umul16.c"
 Parameters:    Size  Location     Type
  multiplier      2    3[COMMON] unsigned int 
  multiplicand    2    5[COMMON] unsigned int 
 Auto vars:     Size  Location     Type
  product         2    0[BANK0 ] unsigned int 
 Return value:  Size  Location     Type
                  2    3[COMMON] unsigned int 
 Registers used:
		wreg, status,2, status,0
 Tracked objects:
		On entry : 
		On exit  : 
		Unchanged: 
 Data sizes:     COMMON   BANK0   BANK1   BANK3   BANK2
      Params:         4       0       0       0       0
      Locals:         0       2       0       0       0
      Temps:          0       0       0       0       0
      Totals:         4       2       0       0       0
Total ram usage:        6 bytes
 Hardware stack levels used:    1
 Hardware stack levels required when called:    1
 This function calls:
		Nothing
 This function is called by:
		_sprintf
 This function uses a non-reentrant model


 *************** function ___llmod *****************
 Defined at:
		line 5 in file "C:\Program Files\Microchip\xc8\v2.31\pic\sources\c90\common\llmod.c"
 Parameters:    Size  Location     Type
  divisor         4   13[BANK0 ] unsigned long 
  dividend        4   17[BANK0 ] unsigned long 
 Auto vars:     Size  Location     Type
  counter         1    5[COMMON] unsigned char 
 Return value:  Size  Location     Type
                  4   13[BANK0 ] unsigned long 
 Registers used:
		wreg, status,2, status,0
 Tracked objects:
		On entry : 
		On exit  : 
		Unchanged: 
 Data sizes:     COMMON   BANK0   BANK1   BANK3   BANK2
      Params:         0       8       0       0       0
      Locals:         1       0       0       0       0
      Temps:          1       0       0       0       0
      Totals:         2       8       0       0       0
Total ram usage:       10 bytes
 Hardware stack levels used:    1
 Hardware stack levels required when called:    1
 This function calls:
		Nothing
 This function is called by:
		_sprintf
 This function uses a non-reentrant model


 *************** function ___lldiv *****************
 Defined at:
		line 5 in file "C:\Program Files\Microchip\xc8\v2.31\pic\sources\c90\common\__lldiv.c"
 Parameters:    Size  Location     Type
  divisor         4    0[BANK0 ] unsigned long 
  dividend        4    4[BANK0 ] unsigned long 
 Auto vars:     Size  Location     Type
  quotient        4    8[BANK0 ] unsigned long 
  counter         1   12[BANK0 ] unsigned char 
 Return value:  Size  Location     Type
                  4    0[BANK0 ] unsigned long 
 Registers used:
		wreg, status,2, status,0
 Tracked objects:
		On entry : 
		On exit  : 
		Unchanged: 
 Data sizes:     COMMON   BANK0   BANK1   BANK3   BANK2
      Params:         0       8       0       0       0
      Locals:         0       5       0       0       0
      Temps:          1       0       0       0       0
      Totals:         1      13       0       0       0
Total ram usage:       14 bytes
 Hardware stack levels used:    1
 Hardware stack levels required when called:    1
 This function calls:
		Nothing
 This function is called by:
		_sprintf
 This function uses a non-reentrant model


 *************** function ___fltol *****************
 Defined at:
		line 43 in file "C:\Program Files\Microchip\xc8\v2.31\pic\sources\c90\common\fltol.c"
 Parameters:    Size  Location     Type
  f1              4   56[BANK0 ] unsigned long 
 Auto vars:     Size  Location     Type
  exp1            1   66[BANK0 ] unsigned char 
  sign1           1   65[BANK0 ] unsigned char 
 Return value:  Size  Location     Type
                  4   56[BANK0 ] long 
 Registers used:
		wreg, status,2, status,0
 Tracked objects:
		On entry : 
		On exit  : 
		Unchanged: 
 Data sizes:     COMMON   BANK0   BANK1   BANK3   BANK2
      Params:         0       4       0       0       0
      Locals:         0       2       0       0       0
      Temps:          0       5       0       0       0
      Totals:         0      11       0       0       0
Total ram usage:       11 bytes
 Hardware stack levels used:    1
 Hardware stack levels required when called:    1
 This function calls:
		Nothing
 This function is called by:
		_sprintf
 This function uses a non-reentrant model


 *************** function ___flsub *****************
 Defined at:
		line 242 in file "C:\Program Files\Microchip\xc8\v2.31\pic\sources\c90\common\sprcadd.c"
 Parameters:    Size  Location     Type
  a               4    0[BANK1 ] long 
  b               4    4[BANK1 ] long 
 Auto vars:     Size  Location     Type
		None
 Return value:  Size  Location     Type
                  4    0[BANK1 ] long 
 Registers used:
		wreg, status,2, status,0, btemp+1, pclath, cstack
 Tracked objects:
		On entry : 
		On exit  : 
		Unchanged: 
 Data sizes:     COMMON   BANK0   BANK1   BANK3   BANK2
      Params:         0       0       8       0       0
      Locals:         0       0       0       0       0
      Temps:          0       0       0       0       0
      Totals:         0       0       8       0       0
Total ram usage:        8 bytes
 Hardware stack levels used:    1
 Hardware stack levels required when called:    2
 This function calls:
		___fladd
 This function is called by:
		_sprintf
 This function uses a non-reentrant model


 *************** function ___fladd *****************
 Defined at:
		line 10 in file "C:\Program Files\Microchip\xc8\v2.31\pic\sources\c90\common\sprcadd.c"
 Parameters:    Size  Location     Type
  b               4   57[BANK0 ] long 
  a               4   61[BANK0 ] long 
 Auto vars:     Size  Location     Type
  grs             1   76[BANK0 ] unsigned char 
  bexp            1   75[BANK0 ] unsigned char 
  aexp            1   74[BANK0 ] unsigned char 
  signs           1   73[BANK0 ] unsigned char 
 Return value:  Size  Location     Type
                  4   57[BANK0 ] unsigned char 
 Registers used:
		wreg, status,2, status,0, btemp+1
 Tracked objects:
		On entry : 
		On exit  : 
		Unchanged: 
 Data sizes:     COMMON   BANK0   BANK1   BANK3   BANK2
      Params:         0       8       0       0       0
      Locals:         0       4       0       0       0
      Temps:          0       8       0       0       0
      Totals:         0      20       0       0       0
Total ram usage:       20 bytes
 Hardware stack levels used:    1
 Hardware stack levels required when called:    1
 This function calls:
		Nothing
 This function is called by:
		_sprintf
		___flsub
 This function uses a non-reentrant model


 *************** function ___flneg *****************
 Defined at:
		line 15 in file "C:\Program Files\Microchip\xc8\v2.31\pic\sources\c90\common\flneg.c"
 Parameters:    Size  Location     Type
  f1              4    3[COMMON] unsigned char 
 Auto vars:     Size  Location     Type
		None
 Return value:  Size  Location     Type
                  4    3[COMMON] unsigned char 
 Registers used:
		wreg
 Tracked objects:
		On entry : 
		On exit  : 
		Unchanged: 
 Data sizes:     COMMON   BANK0   BANK1   BANK3   BANK2
      Params:         4       0       0       0       0
      Locals:         0       0       0       0       0
      Temps:          0       0       0       0       0
      Totals:         4       0       0       0       0
Total ram usage:        4 bytes
 Hardware stack levels used:    1
 Hardware stack levels required when called:    1
 This function calls:
		Nothing
 This function is called by:
		_sprintf
 This function uses a non-reentrant model


 *************** function ___flge *****************
 Defined at:
		line 4 in file "C:\Program Files\Microchip\xc8\v2.31\pic\sources\c90\common\flge.c"
 Parameters:    Size  Location     Type
  ff1             4    0[BANK0 ] unsigned char 
  ff2             4    4[BANK0 ] unsigned char 
 Auto vars:     Size  Location     Type
		None
 Return value:  Size  Location     Type
		None               void
 Registers used:
		wreg, status,2, status,0
 Tracked objects:
		On entry : 
		On exit  : 
		Unchanged: 
 Data sizes:     COMMON   BANK0   BANK1   BANK3   BANK2
      Params:         0       8       0       0       0
      Locals:         0       0       0       0       0
      Temps:          4       0       0       0       0
      Totals:         4       8       0       0       0
Total ram usage:       12 bytes
 Hardware stack levels used:    1
 Hardware stack levels required when called:    1
 This function calls:
		Nothing
 This function is called by:
		_sprintf
 This function uses a non-reentrant model


 *************** function ___fleq *****************
 Defined at:
		line 4 in file "C:\Program Files\Microchip\xc8\v2.31\pic\sources\c90\common\fleq.c"
 Parameters:    Size  Location     Type
  ff1             4    0[BANK0 ] unsigned char 
  ff2             4    4[BANK0 ] unsigned char 
 Auto vars:     Size  Location     Type
		None
 Return value:  Size  Location     Type
		None               void
 Registers used:
		wreg, status,2, status,0
 Tracked objects:
		On entry : 
		On exit  : 
		Unchanged: 
 Data sizes:     COMMON   BANK0   BANK1   BANK3   BANK2
      Params:         0       8       0       0       0
      Locals:         0       0       0       0       0
      Temps:          4       0       0       0       0
      Totals:         4       8       0       0       0
Total ram usage:       12 bytes
 Hardware stack levels used:    1
 Hardware stack levels required when called:    1
 This function calls:
		Nothing
 This function is called by:
		_sprintf
 This function uses a non-reentrant model


 *************** function _spiWrite *****************
 Defined at:
		line 35 in file "SPI.c"
 Parameters:    Size  Location     Type
  dat             1    wreg     unsigned char 
 Auto vars:     Size  Location     Type
  dat             1    3[COMMON] unsigned char 
 Return value:  Size  Location     Type
                  1    wreg      void 
 Registers used:
		wreg
 Tracked objects:
		On entry : 
		On exit  : 
		Unchanged: 
 Data sizes:     COMMON   BANK0   BANK1   BANK3   BANK2
      Params:         0       0       0       0       0
      Locals:         1       0       0       0       0
      Temps:          0       0       0       0       0
      Totals:         1       0       0       0       0
Total ram usage:        1 bytes
 Hardware stack levels used:    1
 Hardware stack levels required when called:    1
 This function calls:
		Nothing
 This function is called by:
		_main
 This function uses a non-reentrant model


 *************** function _spiRead *****************
 Defined at:
		line 48 in file "SPI.c"
 Parameters:    Size  Location     Type
		None
 Auto vars:     Size  Location     Type
		None
 Return value:  Size  Location     Type
                  1    wreg      unsigned char 
 Registers used:
		wreg, status,2, status,0, pclath, cstack
 Tracked objects:
		On entry : 
		On exit  : 
		Unchanged: 
 Data sizes:     COMMON   BANK0   BANK1   BANK3   BANK2
      Params:         0       0       0       0       0
      Locals:         0       0       0       0       0
      Temps:          0       0       0       0       0
      Totals:         0       0       0       0       0
Total ram usage:        0 bytes
 Hardware stack levels used:    1
 Hardware stack levels required when called:    2
 This function calls:
		_spiReceiveWait
 This function is called by:
		_main
 This function uses a non-reentrant model


 *************** function _spiReceiveWait *****************
 Defined at:
		line 30 in file "SPI.c"
 Parameters:    Size  Location     Type
		None
 Auto vars:     Size  Location     Type
		None
 Return value:  Size  Location     Type
                  1    wreg      void 
 Registers used:
		None
 Tracked objects:
		On entry : 
		On exit  : 
		Unchanged: 
 Data sizes:     COMMON   BANK0   BANK1   BANK3   BANK2
      Params:         0       0       0       0       0
      Locals:         0       0       0       0       0
      Temps:          0       0       0       0       0
      Totals:         0       0       0       0       0
Total ram usage:        0 bytes
 Hardware stack levels used:    1
 Hardware stack levels required when called:    1
 This function calls:
		Nothing
 This function is called by:
		_spiRead
 This function uses a non-reentrant model


 *************** function _spiInit *****************
 Defined at:
		line 13 in file "SPI.c"
 Parameters:    Size  Location     Type
  sType           1    wreg     enum E1264
  sDataSample     1    3[COMMON] enum E1272
  sClockIdle      1    4[COMMON] enum E1276
  sTransmitEdg    1    5[COMMON] enum E1280
 Auto vars:     Size  Location     Type
  sType           1    6[COMMON] enum E1264
 Return value:  Size  Location     Type
                  1    wreg      void 
 Registers used:
		wreg, status,2, status,0
 Tracked objects:
		On entry : 
		On exit  : 
		Unchanged: 
 Data sizes:     COMMON   BANK0   BANK1   BANK3   BANK2
      Params:         3       0       0       0       0
      Locals:         1       0       0       0       0
      Temps:          0       0       0       0       0
      Totals:         4       0       0       0       0
Total ram usage:        4 bytes
 Hardware stack levels used:    1
 Hardware stack levels required when called:    1
 This function calls:
		Nothing
 This function is called by:
		_main
 This function uses a non-reentrant model


 *************** function _setup *****************
 Defined at:
		line 131 in file "main.c"
 Parameters:    Size  Location     Type
		None
 Auto vars:     Size  Location     Type
		None
 Return value:  Size  Location     Type
                  1    wreg      void 
 Registers used:
		wreg, status,2
 Tracked objects:
		On entry : 
		On exit  : 
		Unchanged: 
 Data sizes:     COMMON   BANK0   BANK1   BANK3   BANK2
      Params:         0       0       0       0       0
      Locals:         0       0       0       0       0
      Temps:          0       0       0       0       0
      Totals:         0       0       0       0       0
Total ram usage:        0 bytes
 Hardware stack levels used:    1
 Hardware stack levels required when called:    1
 This function calls:
		Nothing
 This function is called by:
		_main
 This function uses a non-reentrant model


 *************** function _recibir *****************
 Defined at:
		line 40 in file "USART.c"
 Parameters:    Size  Location     Type
		None
 Auto vars:     Size  Location     Type
		None
 Return value:  Size  Location     Type
                  1    wreg      void 
 Registers used:
		None
 Tracked objects:
		On entry : 
		On exit  : 
		Unchanged: 
 Data sizes:     COMMON   BANK0   BANK1   BANK3   BANK2
      Params:         0       0       0       0       0
      Locals:         0       0       0       0       0
      Temps:          0       0       0       0       0
      Totals:         0       0       0       0       0
Total ram usage:        0 bytes
 Hardware stack levels used:    1
 Hardware stack levels required when called:    1
 This function calls:
		Nothing
 This function is called by:
		_main
 This function uses a non-reentrant model


 *************** function _conversor *****************
 Defined at:
		line 148 in file "main.c"
 Parameters:    Size  Location     Type
  val             1    wreg     unsigned char 
 Auto vars:     Size  Location     Type
  val             1   45[BANK0 ] unsigned char 
 Return value:  Size  Location     Type
                  4   37[BANK0 ] unsigned char 
 Registers used:
		wreg, status,2, status,0, btemp+1, pclath, cstack
 Tracked objects:
		On entry : 
		On exit  : 
		Unchanged: 
 Data sizes:     COMMON   BANK0   BANK1   BANK3   BANK2
      Params:         0       4       0       0       0
      Locals:         0       1       0       0       0
      Temps:          0       4       0       0       0
      Totals:         0       9       0       0       0
Total ram usage:        9 bytes
 Hardware stack levels used:    1
 Hardware stack levels required when called:    3
 This function calls:
		___flmul
		___xxtofl
 This function is called by:
		_main
 This function uses a non-reentrant model


 *************** function ___xxtofl *****************
 Defined at:
		line 10 in file "C:\Program Files\Microchip\xc8\v2.31\pic\sources\c90\common\xxtofl.c"
 Parameters:    Size  Location     Type
  sign            1    wreg     unsigned char 
  val             4    3[COMMON] long 
 Auto vars:     Size  Location     Type
  sign            1    4[BANK0 ] unsigned char 
  arg             4    6[BANK0 ] unsigned long 
  exp             1    5[BANK0 ] unsigned char 
 Return value:  Size  Location     Type
                  4    3[COMMON] unsigned char 
 Registers used:
		wreg, status,2, status,0
 Tracked objects:
		On entry : 
		On exit  : 
		Unchanged: 
 Data sizes:     COMMON   BANK0   BANK1   BANK3   BANK2
      Params:         4       0       0       0       0
      Locals:         0       6       0       0       0
      Temps:          0       4       0       0       0
      Totals:         4      10       0       0       0
Total ram usage:       14 bytes
 Hardware stack levels used:    1
 Hardware stack levels required when called:    1
 This function calls:
		Nothing
 This function is called by:
		_conversor
		_sprintf
 This function uses a non-reentrant model


 *************** function ___flmul *****************
 Defined at:
		line 8 in file "C:\Program Files\Microchip\xc8\v2.31\pic\sources\c90\common\sprcmul.c"
 Parameters:    Size  Location     Type
  b               4   11[BANK0 ] unsigned char 
  a               4   15[BANK0 ] unsigned char 
 Auto vars:     Size  Location     Type
  prod            4   31[BANK0 ] struct .
  grs             4   25[BANK0 ] unsigned long 
  temp            2   35[BANK0 ] struct .
  bexp            1   30[BANK0 ] unsigned char 
  aexp            1   29[BANK0 ] unsigned char 
  sign            1   24[BANK0 ] unsigned char 
 Return value:  Size  Location     Type
                  4   11[BANK0 ] unsigned char 
 Registers used:
		wreg, status,2, status,0, btemp+1, pclath, cstack
 Tracked objects:
		On entry : 
		On exit  : 
		Unchanged: 
 Data sizes:     COMMON   BANK0   BANK1   BANK3   BANK2
      Params:         0       8       0       0       0
      Locals:         0      13       0       0       0
      Temps:          0       5       0       0       0
      Totals:         0      26       0       0       0
Total ram usage:       26 bytes
 Hardware stack levels used:    1
 Hardware stack levels required when called:    2
 This function calls:
		__Umul8_16
 This function is called by:
		_conversor
		_fround
		_scale
		_sprintf
 This function uses a non-reentrant model


 *************** function __Umul8_16 *****************
 Defined at:
		line 4 in file "C:\Program Files\Microchip\xc8\v2.31\pic\sources\c90\common\Umul8_16.c"
 Parameters:    Size  Location     Type
  multiplier      1    wreg     unsigned char 
  multiplicand    1    3[COMMON] unsigned char 
 Auto vars:     Size  Location     Type
  multiplier      1    4[BANK0 ] unsigned char 
  word_mpld       2    2[BANK0 ] unsigned int 
  product         2    0[BANK0 ] unsigned int 
 Return value:  Size  Location     Type
                  2    3[COMMON] unsigned int 
 Registers used:
		wreg, status,2, status,0
 Tracked objects:
		On entry : 
		On exit  : 
		Unchanged: 
 Data sizes:     COMMON   BANK0   BANK1   BANK3   BANK2
      Params:         2       0       0       0       0
      Locals:         0       5       0       0       0
      Temps:          2       0       0       0       0
      Totals:         4       5       0       0       0
Total ram usage:        9 bytes
 Hardware stack levels used:    1
 Hardware stack levels required when called:    1
 This function calls:
		Nothing
 This function is called by:
		___flmul
 This function uses a non-reentrant model


 *************** function _Lcd_Write_String *****************
 Defined at:
		line 67 in file "LCD.c"
 Parameters:    Size  Location     Type
  a               2    6[COMMON] PTR unsigned char 
		 -> s(20), STR_1(17), 
 Auto vars:     Size  Location     Type
  i               2    3[BANK0 ] int 
 Return value:  Size  Location     Type
                  1    wreg      void 
 Registers used:
		wreg, fsr0l, fsr0h, status,2, status,0, btemp+1, pclath, cstack
 Tracked objects:
		On entry : 
		On exit  : 
		Unchanged: 
 Data sizes:     COMMON   BANK0   BANK1   BANK3   BANK2
      Params:         2       0       0       0       0
      Locals:         0       2       0       0       0
      Temps:          0       3       0       0       0
      Totals:         2       5       0       0       0
Total ram usage:        7 bytes
 Hardware stack levels used:    1
 Hardware stack levels required when called:    3
 This function calls:
		_Lcd_Write_Char
 This function is called by:
		_main
 This function uses a non-reentrant model


 *************** function _Lcd_Write_Char *****************
 Defined at:
		line 58 in file "LCD.c"
 Parameters:    Size  Location     Type
  a               1    wreg     unsigned char 
 Auto vars:     Size  Location     Type
  a               1    5[COMMON] unsigned char 
 Return value:  Size  Location     Type
                  1    wreg      void 
 Registers used:
		wreg, status,2, status,0, pclath, cstack
 Tracked objects:
		On entry : 
		On exit  : 
		Unchanged: 
 Data sizes:     COMMON   BANK0   BANK1   BANK3   BANK2
      Params:         0       0       0       0       0
      Locals:         1       0       0       0       0
      Temps:          1       0       0       0       0
      Totals:         2       0       0       0       0
Total ram usage:        2 bytes
 Hardware stack levels used:    1
 Hardware stack levels required when called:    2
 This function calls:
		_Lcd_Port
 This function is called by:
		_Lcd_Write_String
 This function uses a non-reentrant model


 *************** function _Lcd_Set_Cursor *****************
 Defined at:
		line 33 in file "LCD.c"
 Parameters:    Size  Location     Type
  a               1    wreg     unsigned char 
  b               1    7[COMMON] unsigned char 
 Auto vars:     Size  Location     Type
  a               1    1[BANK0 ] unsigned char 
  temp            1    2[BANK0 ] unsigned char 
 Return value:  Size  Location     Type
                  1    wreg      void 
 Registers used:
		wreg, status,2, status,0, pclath, cstack
 Tracked objects:
		On entry : 
		On exit  : 
		Unchanged: 
 Data sizes:     COMMON   BANK0   BANK1   BANK3   BANK2
      Params:         1       0       0       0       0
      Locals:         0       2       0       0       0
      Temps:          0       1       0       0       0
      Totals:         1       3       0       0       0
Total ram usage:        4 bytes
 Hardware stack levels used:    1
 Hardware stack levels required when called:    3
 This function calls:
		_Lcd_Cmd
 This function is called by:
		_main
 This function uses a non-reentrant model


 *************** function _Lcd_Init *****************
 Defined at:
		line 44 in file "LCD.c"
 Parameters:    Size  Location     Type
		None
 Auto vars:     Size  Location     Type
		None
 Return value:  Size  Location     Type
                  1    wreg      void 
 Registers used:
		wreg, status,2, status,0, pclath, cstack
 Tracked objects:
		On entry : 
		On exit  : 
		Unchanged: 
 Data sizes:     COMMON   BANK0   BANK1   BANK3   BANK2
      Params:         0       0       0       0       0
      Locals:         0       0       0       0       0
      Temps:          0       2       0       0       0
      Totals:         0       2       0       0       0
Total ram usage:        2 bytes
 Hardware stack levels used:    1
 Hardware stack levels required when called:    3
 This function calls:
		_Lcd_Cmd
		_Lcd_Port
 This function is called by:
		_main
 This function uses a non-reentrant model


 *************** function _Lcd_Clear *****************
 Defined at:
		line 28 in file "LCD.c"
 Parameters:    Size  Location     Type
		None
 Auto vars:     Size  Location     Type
		None
 Return value:  Size  Location     Type
                  1    wreg      void 
 Registers used:
		wreg, status,2, status,0, pclath, cstack
 Tracked objects:
		On entry : 
		On exit  : 
		Unchanged: 
 Data sizes:     COMMON   BANK0   BANK1   BANK3   BANK2
      Params:         0       0       0       0       0
      Locals:         0       0       0       0       0
      Temps:          0       0       0       0       0
      Totals:         0       0       0       0       0
Total ram usage:        0 bytes
 Hardware stack levels used:    1
 Hardware stack levels required when called:    3
 This function calls:
		_Lcd_Cmd
 This function is called by:
		_main
 This function uses a non-reentrant model


 *************** function _Lcd_Cmd *****************
 Defined at:
		line 20 in file "LCD.c"
 Parameters:    Size  Location     Type
  a               1    wreg     unsigned char 
 Auto vars:     Size  Location     Type
  a               1    6[COMMON] unsigned char 
 Return value:  Size  Location     Type
                  1    wreg      void 
 Registers used:
		wreg, status,2, status,0, pclath, cstack
 Tracked objects:
		On entry : 
		On exit  : 
		Unchanged: 
 Data sizes:     COMMON   BANK0   BANK1   BANK3   BANK2
      Params:         0       0       0       0       0
      Locals:         1       0       0       0       0
      Temps:          2       0       0       0       0
      Totals:         3       0       0       0       0
Total ram usage:        3 bytes
 Hardware stack levels used:    1
 Hardware stack levels required when called:    2
 This function calls:
		_Lcd_Port
 This function is called by:
		_Lcd_Clear
		_Lcd_Set_Cursor
		_Lcd_Init
 This function uses a non-reentrant model


 *************** function _Lcd_Port *****************
 Defined at:
		line 16 in file "LCD.c"
 Parameters:    Size  Location     Type
  a               1    wreg     unsigned char 
 Auto vars:     Size  Location     Type
  a               1    3[COMMON] unsigned char 
 Return value:  Size  Location     Type
                  1    wreg      void 
 Registers used:
		wreg
 Tracked objects:
		On entry : 
		On exit  : 
		Unchanged: 
 Data sizes:     COMMON   BANK0   BANK1   BANK3   BANK2
      Params:         0       0       0       0       0
      Locals:         1       0       0       0       0
      Temps:          0       0       0       0       0
      Totals:         1       0       0       0       0
Total ram usage:        1 bytes
 Hardware stack levels used:    1
 Hardware stack levels required when called:    1
 This function calls:
		Nothing
 This function is called by:
		_Lcd_Cmd
		_Lcd_Init
		_Lcd_Write_Char
 This function uses a non-reentrant model


 *************** function _Config_USARTT *****************
 Defined at:
		line 11 in file "USART.c"
 Parameters:    Size  Location     Type
		None
 Auto vars:     Size  Location     Type
		None
 Return value:  Size  Location     Type
                  1    wreg      void 
 Registers used:
		wreg
 Tracked objects:
		On entry : 
		On exit  : 
		Unchanged: 
 Data sizes:     COMMON   BANK0   BANK1   BANK3   BANK2
      Params:         0       0       0       0       0
      Locals:         0       0       0       0       0
      Temps:          0       0       0       0       0
      Totals:         0       0       0       0       0
Total ram usage:        0 bytes
 Hardware stack levels used:    1
 Hardware stack levels required when called:    1
 This function calls:
		Nothing
 This function is called by:
		_main
 This function uses a non-reentrant model


 *************** function _ISR *****************
 Defined at:
		line 158 in file "main.c"
 Parameters:    Size  Location     Type
		None
 Auto vars:     Size  Location     Type
		None
 Return value:  Size  Location     Type
                  1    wreg      void 
 Registers used:
		wreg
 Tracked objects:
		On entry : 
		On exit  : 
		Unchanged: 
 Data sizes:     COMMON   BANK0   BANK1   BANK3   BANK2
      Params:         0       0       0       0       0
      Locals:         0       0       0       0       0
      Temps:          3       0       0       0       0
      Totals:         3       0       0       0       0
Total ram usage:        3 bytes
 Hardware stack levels used:    1
 This function calls:
		Nothing
 This function is called by:
		Interrupt level 1
 This function uses a non-reentrant model



MODULE INFORMATION

Module		Function		Class		Link	Load	Size
C:\Program Files\Microchip\xc8\v2.31\pic\sources\c90\common\flneg.c
		___flneg       		CODE           	194D	0000	11

C:\Program Files\Microchip\xc8\v2.31\pic\sources\c90\common\flneg.c estimated size: 11

C:\Program Files\Microchip\xc8\v2.31\pic\sources\c90\common\flge.c
		___flge        		CODE           	1D15	0000	164

C:\Program Files\Microchip\xc8\v2.31\pic\sources\c90\common\flge.c estimated size: 164

USART.c
		_recibir       		CODE           	1942	0000	11
		_Config_USARTT 		CODE           	1965	0000	17

USART.c estimated size: 28

C:\Program Files\Microchip\xc8\v2.31\pic\sources\c90\common\sprcmul.c
		___flmul       		CODE           	093C	0000	865

C:\Program Files\Microchip\xc8\v2.31\pic\sources\c90\common\sprcmul.c estimated size: 865

C:\Program Files\Microchip\xc8\v2.31\pic\sources\c90\common\__lldiv.c
		___lldiv       		CODE           	1CAD	0000	104

C:\Program Files\Microchip\xc8\v2.31\pic\sources\c90\common\__lldiv.c estimated size: 104

C:\Program Files\Microchip\xc8\v2.31\pic\sources\c90\common\Umul8_16.c
		__Umul8_16     		CODE           	19F9	0000	41

C:\Program Files\Microchip\xc8\v2.31\pic\sources\c90\common\Umul8_16.c estimated size: 41

C:\Program Files\Microchip\xc8\v2.31\pic\sources\c90\common\doprnt.c
		_scale         		CODE           	0C9D	0000	867
		_sprintf       		CODE           	14F6	0000	2444
		_fround        		CODE           	1061	0000	525

C:\Program Files\Microchip\xc8\v2.31\pic\sources\c90\common\doprnt.c estimated size: 3836

C:\Program Files\Microchip\xc8\v2.31\pic\sources\c90\common\ftdivl.c
		__tdiv_to_l_   		CODE           	087F	0000	189

C:\Program Files\Microchip\xc8\v2.31\pic\sources\c90\common\ftdivl.c estimated size: 189

C:\Program Files\Microchip\xc8\v2.31\pic\sources\c90\common\lwmod.c
		___lwmod       		CODE           	1A4D	0000	60

C:\Program Files\Microchip\xc8\v2.31\pic\sources\c90\common\lwmod.c estimated size: 60

C:\Program Files\Microchip\xc8\v2.31\pic\sources\c90\common\awmod.c
		___awmod       		CODE           	1C52	0000	91

C:\Program Files\Microchip\xc8\v2.31\pic\sources\c90\common\awmod.c estimated size: 91

C:\Program Files\Microchip\xc8\v2.31\pic\sources\c90\common\Umul16.c
		___wmul        		CODE           	1A22	0000	43

C:\Program Files\Microchip\xc8\v2.31\pic\sources\c90\common\Umul16.c estimated size: 43

C:\Program Files\Microchip\xc8\v2.31\pic\sources\c90\common\llmod.c
		___llmod       		CODE           	1BFC	0000	86

C:\Program Files\Microchip\xc8\v2.31\pic\sources\c90\common\llmod.c estimated size: 86

C:\Program Files\Microchip\xc8\v2.31\pic\sources\c90\common\isdigit.c
		_isdigit       		CODE           	1988	0000	18

C:\Program Files\Microchip\xc8\v2.31\pic\sources\c90\common\isdigit.c estimated size: 18

C:\Program Files\Microchip\xc8\v2.31\pic\sources\c90\common\sprcadd.c
		___flsub       		CODE           	1BAC	0000	80
		___fladd       		CODE           	126E	0000	648

C:\Program Files\Microchip\xc8\v2.31\pic\sources\c90\common\sprcadd.c estimated size: 728

C:\Program Files\Microchip\xc8\v2.31\pic\sources\c90\common\fleq.c
		___fleq        		CODE           	1B5C	0000	80

C:\Program Files\Microchip\xc8\v2.31\pic\sources\c90\common\fleq.c estimated size: 80

C:\Program Files\Microchip\xc8\v2.31\pic\sources\c90\common\fldivl.c
		__div_to_l_    		CODE           	06AC	0000	190

C:\Program Files\Microchip\xc8\v2.31\pic\sources\c90\common\fldivl.c estimated size: 190

C:\Program Files\Microchip\xc8\v2.31\pic\sources\c90\common\lwdiv.c
		___lwdiv       		CODE           	1ACF	0000	70

C:\Program Files\Microchip\xc8\v2.31\pic\sources\c90\common\lwdiv.c estimated size: 70

C:\Program Files\Microchip\xc8\v2.31\pic\sources\c90\common\awdiv.c
		___awdiv       		CODE           	0816	0000	105

C:\Program Files\Microchip\xc8\v2.31\pic\sources\c90\common\awdiv.c estimated size: 105

shared
		__stringtab    		STRING         	1800	0000	16
		__powers_      		STRING         	1810	0000	52
		_dpowers       		STRING         	1878	0000	40
		__npowers_     		STRING         	1844	0000	52
		__initialization		CODE           	000F	0000	23

shared estimated size: 183

C:\Program Files\Microchip\xc8\v2.31\pic\sources\c90\common\fltol.c
		___fltol       		CODE           	076A	0000	124

C:\Program Files\Microchip\xc8\v2.31\pic\sources\c90\common\fltol.c estimated size: 124

C:\Program Files\Microchip\xc8\v2.31\pic\sources\c90\common\xxtofl.c
		___xxtofl      		CODE           	1DB9	0000	188

C:\Program Files\Microchip\xc8\v2.31\pic\sources\c90\common\xxtofl.c estimated size: 188

SPI.c
		_spiWrite      		CODE           	1924	0000	6
		_spiInit       		CODE           	0801	0000	21
		_spiReceiveWait		CODE           	192A	0000	7
		_spiRead       		CODE           	1939	0000	9

SPI.c estimated size: 43

main.c
		_conversor     		CODE           	1005	0000	92
		_ISR           		CODE           	19B5	0000	30
		_main          		CODE           	1E75	0000	395
		_setup         		CODE           	1976	0000	18

main.c estimated size: 535

LCD.c
		_Lcd_Write_String		CODE           	1A89	0000	70
		_Lcd_Init      		CODE           	1B15	0000	71
		_Lcd_Write_Char		CODE           	199A	0000	27
		_Lcd_Cmd       		CODE           	07E6	0000	26
		_Lcd_Set_Cursor		CODE           	19D3	0000	38
		_Lcd_Clear     		CODE           	1958	0000	13
		_Lcd_Port      		CODE           	191E	0000	6

LCD.c estimated size: 251

